-- MariaDB dump 10.17  Distrib 10.5.3-MariaDB, for Linux (x86_64)
--
-- Host: localhost    Database: elapse
-- ------------------------------------------------------
-- Server version	10.5.3-MariaDB

/*!40101 SET @OLD_CHARACTER_SET_CLIENT=@@CHARACTER_SET_CLIENT */;
/*!40101 SET @OLD_CHARACTER_SET_RESULTS=@@CHARACTER_SET_RESULTS */;
/*!40101 SET @OLD_COLLATION_CONNECTION=@@COLLATION_CONNECTION */;
/*!40101 SET NAMES utf8mb4 */;
/*!40103 SET @OLD_TIME_ZONE=@@TIME_ZONE */;
/*!40103 SET TIME_ZONE='+00:00' */;
/*!40014 SET @OLD_UNIQUE_CHECKS=@@UNIQUE_CHECKS, UNIQUE_CHECKS=0 */;
/*!40014 SET @OLD_FOREIGN_KEY_CHECKS=@@FOREIGN_KEY_CHECKS, FOREIGN_KEY_CHECKS=0 */;
/*!40101 SET @OLD_SQL_MODE=@@SQL_MODE, SQL_MODE='NO_AUTO_VALUE_ON_ZERO' */;
/*!40111 SET @OLD_SQL_NOTES=@@SQL_NOTES, SQL_NOTES=0 */;

--
-- Table structure for table `admins`
--

DROP TABLE IF EXISTS `admins`;
/*!40101 SET @saved_cs_client     = @@character_set_client */;
/*!40101 SET character_set_client = utf8 */;
CREATE TABLE `admins` (
  `id` int(10) unsigned NOT NULL AUTO_INCREMENT,
  `username` varchar(16) NOT NULL COMMENT '登录名',
  `password` varchar(40) NOT NULL,
  `salt` char(10) DEFAULT NULL COMMENT '混淆码',
  `email` varchar(100) NOT NULL COMMENT '邮箱',
  `mobile` char(11) DEFAULT NULL COMMENT '手机号码',
  `role` smallint(5) unsigned DEFAULT NULL COMMENT '角色',
  `status` bigint(20) DEFAULT 0 COMMENT '0=正常，其它（1=永久冻结，冻结时间）不可登录	',
  `create_time` datetime NOT NULL DEFAULT current_timestamp() COMMENT '创建时间',
  `last_login` bigint(20) DEFAULT NULL COMMENT '最后登录时间',
  PRIMARY KEY (`id`),
  UNIQUE KEY `username` (`username`),
  KEY `group` (`role`)
) ENGINE=InnoDB AUTO_INCREMENT=2 DEFAULT CHARSET=utf8 COMMENT='后台用户表';
/*!40101 SET character_set_client = @saved_cs_client */;

--
-- Dumping data for table `admins`
--

LOCK TABLES `admins` WRITE;
/*!40000 ALTER TABLE `admins` DISABLE KEYS */;
INSERT INTO `admins` VALUES (1,'fortune','c2a3b691ee173bbaee19a5d6aae8c995507fa706','25ee364a54','luck@fmail.pro','13428122341',1,0,'2008-08-18 18:58:13',1614241128);
/*!40000 ALTER TABLE `admins` ENABLE KEYS */;
UNLOCK TABLES;

--
-- Table structure for table `article`
--

DROP TABLE IF EXISTS `article`;
/*!40101 SET @saved_cs_client     = @@character_set_client */;
/*!40101 SET character_set_client = utf8 */;
CREATE TABLE `article` (
  `id` tinyint(20) NOT NULL AUTO_INCREMENT COMMENT '文章ID',
  `title` varchar(50) NOT NULL COMMENT '标题',
  `cover` varchar(255) DEFAULT NULL COMMENT '列表封面图',
  `summary` varchar(255) DEFAULT NULL COMMENT '文章摘要',
  `seo_title` varchar(255) DEFAULT NULL COMMENT 'SEO标题',
  `seo_keywords` varchar(255) DEFAULT NULL COMMENT 'SEO关键词',
  `seo_description` varchar(255) DEFAULT NULL COMMENT 'SEO描述',
  `content_id` int(50) NOT NULL COMMENT '内容ID',
  `category_id` int(50) DEFAULT NULL COMMENT '文章分类ID',
  `category` varchar(20) DEFAULT NULL COMMENT '分类名，对应article_category表',
  `columns_id` int(50) NOT NULL DEFAULT 0 COMMENT '专栏ID，0不属于任何专栏',
  `available` smallint(6) DEFAULT 0 COMMENT '阅读权限：0免费、1登录、2私密',
  `nav_id` tinyint(20) DEFAULT NULL COMMENT '所属导航栏',
  `visit` int(11) NOT NULL DEFAULT 0 COMMENT '阅读次数',
  `collect` int(11) NOT NULL DEFAULT 0 COMMENT '收藏次数',
  `share` int(11) NOT NULL DEFAULT 0 COMMENT '分享次数',
  `user_id` tinyint(20) DEFAULT NULL COMMENT '文章发表用户ID',
  `username` varchar(50) DEFAULT NULL COMMENT '展示文章发表人',
  `create` bigint(20) DEFAULT NULL COMMENT '创建时间( Unix 时间戳)',
  `last_time` datetime DEFAULT NULL ON UPDATE current_timestamp() COMMENT '最后修改时间',
  PRIMARY KEY (`id`)
) ENGINE=InnoDB AUTO_INCREMENT=43 DEFAULT CHARSET=utf8 COMMENT='文章表';
/*!40101 SET character_set_client = @saved_cs_client */;

--
-- Dumping data for table `article`
--

LOCK TABLES `article` WRITE;
/*!40000 ALTER TABLE `article` DISABLE KEYS */;
INSERT INTO `article` VALUES (1,'Linux VPS初始化配置',NULL,'拿到一台新的Linux服务器，我们应该怎么做呢？立马安装LANP或LNMP，服务器管理初始化有门道…         ','dds','ddd','adssd',1,0,'',0,1,NULL,0,0,0,1,'',NULL,'2021-02-25 05:51:44'),(2,'Linux挂载新硬盘',NULL,'现在很多云商家所给的Linux都把数据盘和系统分开来，所以在Linux下挂载硬盘就成了大家必修课… ','','','',2,0,'Linux',0,2,NULL,0,0,0,2,'',NULL,'2021-02-08 07:05:59'),(3,'MariaDB源码编绎安装',NULL,'MariaDB(Mysql重要开源分支)，现在大多数Linux默认安装MariaDB而非MySql，所以未来必定是以MariaDB为主！！','mysql主从配置','mysql主从配置','mysql主从配置',3,0,'',0,0,NULL,0,0,0,2,NULL,NULL,'2018-11-06 14:02:23'),(4,'MySql源码安装（mysql 5.7.6版本及以前方法）',NULL,'MySql源码编译安装（mysql 5.7.6）',NULL,NULL,NULL,4,NULL,'MariaDB',0,0,NULL,0,0,0,2,NULL,NULL,'2017-10-14 11:12:55'),(5,'VPN服务器之L2TPIPSec搭建',NULL,'生活在天朝，对整个网络实行了闭关锁国的政策，让我们这些天朝的屁民们都接触不到外面的世界！！唯有拥有一个自己的VPN才能翻墙看看外面的世界，这就是成语“一枝红杳出墙来”',NULL,NULL,NULL,5,NULL,'Linux',0,0,NULL,0,0,0,2,NULL,NULL,'2017-10-15 17:02:35'),(6,'phpMyAdmin连接管理多台MySQL',NULL,'配置phpMyAdmin下拉选择多台Mysql数据库，这样不用切换数据库连接时每次都要打密码 ','phpMyAdmin连接管理多台MySQL','phpMyAdmin连接管理多台MySQL','phpMyAdmin连接管理多台MySQL',6,0,'',0,0,NULL,0,0,0,2,'',NULL,'2020-06-30 16:32:45'),(7,'服务器带宽选择（1M带宽同时能承受多少人在线）',NULL,'在选购主机时会面对一个问题，带宽1M到底能容纳多少人呢?“共享宽带”和“独享宽带”到底选择哪个才好呢？',NULL,NULL,NULL,7,NULL,'Linux',0,0,NULL,0,0,0,2,NULL,NULL,'2017-10-18 11:04:29'),(8,'Git日常使用',NULL,'Git最近流行起来了，很多公司平时开发就直接用GIT作为版本管理工具了，不再像以前只有SVN来管理代码和多人协作开发！！所以问题来了，我们必须学会Git的简单使用……     ','','','',8,0,'Git',0,0,NULL,0,0,0,2,'',NULL,'2021-02-02 10:28:43'),(9,'连接VPN出错“ L2TP连接尝试失败 ，因为安全层在初始化与远程计算机的协商时遇到了一个处理错误',NULL,'重新安半Windows10，连接VPN时出错“ L2TP连接尝试失败:ERROR因为安全层在初始化与远程计算机的协商时遇到了一个处理错误”，真心累，为了能用Google,而不用国内的X度，所以折腾……',NULL,NULL,NULL,9,NULL,'VPN',0,0,NULL,0,0,0,2,NULL,NULL,'2017-10-22 12:15:40'),(10,'源码编译安装Nginx与PHP ',NULL,'做为PHP的服务器环境很多人选择LAMP，但是在性能上还是LNMP略胜一筹！所以本站的环境是选择了LNMP（Linux+Nginx+PHP），于是就开始源码编译安装Nginx与PHP ',NULL,NULL,NULL,10,NULL,'Linux',0,0,NULL,0,0,0,2,NULL,NULL,'2017-10-28 17:03:31'),(11,'SVN(subversion)服务器搭建及配置 ',NULL,'SVN(subversion)服务器源码编译其实也挺简单的，最重要的是要配置服务端钩子自动更新，这样在测试服中就可以直接SVN更新的代码在WEB中体现出来！当然罗，生产环境不推荐直接用SVN的勾子自动更新代码！但相对来说本站（技术派）这种小型的技术分享网，还是直接用勾子更新代码更为方便些',NULL,NULL,NULL,11,NULL,'svn',0,0,NULL,0,0,0,2,NULL,NULL,NULL),(12,'SSH2设置SOCKS5代理实现科学上网',NULL,'为了实现科学上网（可以用谷歌，可以看facebook,可以随意看外国视频），很多同学又架设ss，又架设VPN等一系列设置，把菜鸟一下子就吓得更菜了，看来科学上网这只鸡不是谁都能吃的？？其实错了，只需要一个很简单的SOCKS5代理就可以直接吃鸡（科学上网）啦！！！','SOCKS5代理上谷歌','SOCKS5代理上谷歌','SOCKS5代理上谷歌',13,0,'',0,0,NULL,0,0,0,2,NULL,NULL,'2019-10-09 18:24:30'),(13,'升级Windows10 Build 17074后VMware Workstation运行出错“与De',NULL,'今天蛋疼外加无聊，就升级Windows10到开发版Build 17074，没想到虚拟机出错（VMware Workstation 与 Device/Credential Guard 不兼容。在禁用 Device/Credential Guard 后，可以运行 VMware Workstation。有关更多详细信息，请访问http://www.vmware.com/go/turnoff_CG_DG。）',NULL,NULL,NULL,14,NULL,'windwos',0,0,NULL,0,0,0,2,NULL,NULL,'2018-01-22 11:58:00'),(14,'风创未来----资金短缺',NULL,'气冲冲从工商局回来后，坐电脑前，想起了这个月公司的社保还没扣缴。上电子税务局，直接选择社保申报，飞快点到扣缴费...','风创未来 小说','风创未来创业故事','风创未来创始人奋斗故事',15,0,'',0,0,NULL,0,0,0,1,'luck',1539704692,'2018-10-17 01:06:19'),(15,'Linux开机自动启动（适用于Debina、Ubuntu）',NULL,'很多时候，自己源码编译的软件都想设置为开机自动启动，免得机器不小心重启后还要手动去开启服务；特别是mysql、PHP、 Nginx等；','Linux开机自动启动（适用于Debina、Ubuntu）','Linux开机自动启动;Debina开机自动启动;Ubuntu开机自动启动;','Linux开机自动启动（适用于Debina、Ubuntu）',16,0,'',0,0,NULL,0,0,0,1,'蜜蜂Linux',1540521595,'2018-10-26 10:41:50'),(16,'都在一条船上',NULL,'收到140万元赞赏网络爆文，但7月24日下午，文章发布平台“张凯律师”一号已因被投诉，涉嫌违反《即时通信工具公众信息服务发展管理暂行规定》被屏蔽所有功能。但这么好的文章不应该沉没，特别转发、留存、欣赏。虽然文章笔记很差，但是说的很事实，大家自己观看，自己觉得是真还是假！不管你信不信，反正我是信了！！！ ','假疫苗事件，都在一条船上－－张凯律师','假疫苗事件;都在一条船上;张凯律师;地沟油;','假疫苗事件;都在一条船上;张凯律师，出处：http://blog.sina.com.cn/s/blog_13f88c2ed0102yq5w.html　假疫苗事件;都在一条船上;张凯律师;地沟油;\"皮革奶\"风波;\"三聚氰胺\"事件;三聚氰胺;疫苗问题;长生生物;\r\n上联：满朝文武藏绿卡，下联： 半壁江山养红颜，横批：颜色革命',17,0,'',0,1,NULL,0,0,0,1,'张凯律师',1542695844,'2018-11-20 15:28:44'),(17,'Flutter象棋：1.开发环境',NULL,'无论做什么，都要先准备好工具，这样子才能做到事半功倍的效率。同样用Flutter开发象棋APP也是先弄好Flutter的开发环境！                       ','Flutter象棋','Flutter象棋','Flutter象棋',22,3,'Flutter',1,0,NULL,0,0,0,1,'临来笑笑生',1598071511,'2021-02-04 06:28:04'),(18,'Flutter象棋：2.绘制棋盘',NULL,'Flutter绘制棋盘      ','','','',23,3,'Flutter',1,0,NULL,0,0,0,1,'临来笑笑生',1598152821,'2020-08-23 07:18:00'),(19,'Flutter象棋：3.绘制棋子',NULL,'           ','','','',24,3,'Flutter',1,0,NULL,0,0,0,1,'临来笑笑生',1598172925,'2020-08-25 03:06:19'),(20,'Flutter象棋：4.处理行棋',NULL,'        ','','','',25,3,'Flutter',1,0,NULL,0,0,0,1,'临来笑笑生',1598321032,'2020-08-25 08:33:16'),(21,'Flutter象棋：5.添加基本界面',NULL,'     ','Flutter象棋','Flutter象棋','',26,3,'Flutter',1,0,NULL,0,0,0,1,'临来笑笑生',1598360751,'2020-08-26 16:26:32'),(22,'Flutter象棋：6.使用象棋云库',NULL,'  ','','','',27,3,'Flutter',1,0,NULL,0,0,0,1,'临来笑笑生',1598492904,'2020-08-28 02:57:47'),(23,'Flutter象棋：7.象棋着法检测',NULL,'    ','','','',28,3,'Flutter',1,0,NULL,0,0,0,1,'临来笑笑生',1598580359,'2020-08-28 13:13:56'),(24,'Flutter象棋：8.实现胜负逻辑',NULL,' ','','','',29,3,'Flutter',1,0,NULL,0,0,0,1,'临来笑笑生',1598691721,'2020-08-30 03:01:53'),(25,'Flutter象棋：9.添加声音动画',NULL,'           ','','','',30,3,'Flutter',1,0,NULL,0,0,0,1,'临来笑笑生',1598753895,'2020-08-30 09:57:54'),(26,'Flutter象棋：10.记谱悔棋功能',NULL,'     ','','','',31,3,'Flutter',1,0,NULL,0,0,0,1,'临来笑笑生',1598890625,'2020-09-04 17:11:31'),(27,'Flutter象棋：11.云库局面分析',NULL,'   ','','','',32,3,'Flutter',1,0,NULL,0,0,0,1,'临来笑笑生',1599368603,'2020-09-07 11:35:54'),(28,'Flutter象棋：12.游戏设置',NULL,'    ','','','',33,3,'Flutter',1,0,NULL,0,0,0,1,'临来笑笑生',1599474765,'2020-09-07 12:51:59'),(29,'Flutter象棋：13.打包上架',NULL,NULL,NULL,NULL,NULL,34,3,'Flutter',1,0,NULL,0,0,0,1,'临来笑笑生',1599480639,NULL),(30,'中国象棋通用引擎协议 UCCI',NULL,NULL,NULL,NULL,NULL,35,NULL,NULL,0,0,NULL,0,0,0,1,'临来笑笑生',1599481572,NULL),(31,'中国象棋游戏规范',NULL,NULL,NULL,NULL,NULL,36,NULL,NULL,0,0,NULL,0,0,0,1,'临来笑笑生',1599481801,NULL),(32,'中国象棋FEN局面表示',NULL,' ','','','',37,0,'',0,0,NULL,0,0,0,1,'临来笑笑生',1599482191,'2020-09-18 15:29:54'),(33,'Xubuntu断电后重启，提示Read-only file system',NULL,NULL,NULL,NULL,NULL,38,NULL,NULL,0,0,NULL,0,0,0,1,'fortune',1600929348,NULL),(34,'XUbuntu修改双显示器分辨率',NULL,'为了利用上闲置的一台显示器,多买了一条5块钱(最便宜)的VGA线,连接上我的电脑,没想到第二显示器只有一个很小的分辨率(640*480),着实让人接受不了,然后就有了此文!     ','','XUbuntu修改双显示器分辨率','XUbuntu修改双显示器分辨率',39,6,'Linux',0,0,NULL,0,0,0,1,'fortune',1602995858,'2020-10-19 05:30:12'),(35,'配置gitlab服务器的hooks钩子实现代码自动部署',NULL,'让GIT服务器可以自动化更新Git的提交到网站目录，从而达到代码自动更新到测试服。    ','gitlab服务器的hooks钩子','gitlab服务器的hooks钩子','gitlab服务器的hooks钩子;配置gitlab服务器的hooks钩子实现代码自动部署',40,6,'Linux',0,0,NULL,0,0,0,1,'fortune',1606793418,'2021-01-27 11:10:18'),(36,'rsync实现linx文件同步',NULL,NULL,NULL,NULL,NULL,41,6,'Linux',0,0,NULL,0,0,0,1,'fortune',1609392979,NULL),(37,'linux实现内网穿透',NULL,NULL,NULL,NULL,NULL,42,NULL,NULL,0,0,NULL,0,0,0,1,'fortune',1609405236,NULL),(38,'linux定时任务crontab',NULL,NULL,NULL,NULL,NULL,43,NULL,NULL,0,0,NULL,0,0,0,1,'fortune',1609486326,NULL),(39,'nginx+php+mysql高并发问题调优',NULL,'高并发下默认的nginx+php+mysql组合，经常出现502，所以做了一次日志排查和调优     ','nginx+php+mysql高并发问题调优','nginx+php+mysql高并发问题调优','nginx+php+mysql高并发问题调优',44,6,'Linux',0,0,NULL,0,0,0,1,'fortune',1610612859,'2021-01-14 11:37:33'),(40,'ubuntu下Fiddler抓包',NULL,'手机APP开发调试，还是要有个抓包工具才方便调试 ','','','',45,0,'',0,0,NULL,0,0,0,1,'fortune',1611196448,'2021-01-21 02:35:02'),(41,'linux使用wine安装微信（其它windows软件同理可安装）',NULL,'  ','','','',46,0,'',0,0,NULL,0,0,0,1,'fortune',1612423258,'2021-02-04 15:41:19'),(42,'Linux(Ubuntu) 安装PostgreSQL',NULL,'用PostgreSQL替代MySql',NULL,'PostgreSQL','PostgreSQL',47,NULL,NULL,0,0,NULL,0,0,0,1,'fortune',1614241232,NULL);
/*!40000 ALTER TABLE `article` ENABLE KEYS */;
UNLOCK TABLES;

--
-- Table structure for table `article_category`
--

DROP TABLE IF EXISTS `article_category`;
/*!40101 SET @saved_cs_client     = @@character_set_client */;
/*!40101 SET character_set_client = utf8 */;
CREATE TABLE `article_category` (
  `id` tinyint(20) NOT NULL AUTO_INCREMENT COMMENT '分类ID',
  `category` varchar(20) NOT NULL COMMENT '文章分类名',
  `seo_title` varchar(255) DEFAULT NULL COMMENT 'SEO标题',
  `seo_keywords` varchar(255) DEFAULT NULL COMMENT 'SEO关键词',
  `seo_description` varchar(255) DEFAULT NULL COMMENT 'SEO描述',
  `show` tinyint(1) NOT NULL DEFAULT 1 COMMENT '是否显示：默认1显示，0不显示',
  `order_by` int(1) DEFAULT 1 COMMENT '显示先后:小前大后',
  `modify_id` int(11) unsigned DEFAULT NULL COMMENT '最后修改者ID',
  `modify_time` datetime DEFAULT NULL COMMENT '修改时间',
  `create_id` int(11) unsigned DEFAULT NULL COMMENT '创建者ID',
  `create_time` datetime NOT NULL DEFAULT current_timestamp() COMMENT '创建时间',
  PRIMARY KEY (`id`),
  KEY `category` (`category`)
) ENGINE=InnoDB AUTO_INCREMENT=7 DEFAULT CHARSET=utf8 COMMENT='文章分类表';
/*!40101 SET character_set_client = @saved_cs_client */;

--
-- Dumping data for table `article_category`
--

LOCK TABLES `article_category` WRITE;
/*!40000 ALTER TABLE `article_category` DISABLE KEYS */;
INSERT INTO `article_category` VALUES (1,'Rust','rust','rust','rust',1,1,NULL,NULL,NULL,'2020-08-22 04:36:43'),(2,'PHP','PHP','PHP','PHP',1,1,NULL,NULL,NULL,'2020-08-22 04:38:09'),(3,'Flutter','Flutter','Flutter','Flutter',1,1,1,'2020-08-22 11:39:58',1,'2020-06-30 12:36:29'),(6,'Linux','s','s','s',1,1,NULL,NULL,1,'2020-06-30 21:10:55');
/*!40000 ALTER TABLE `article_category` ENABLE KEYS */;
UNLOCK TABLES;

--
-- Table structure for table `article_content`
--

DROP TABLE IF EXISTS `article_content`;
/*!40101 SET @saved_cs_client     = @@character_set_client */;
/*!40101 SET character_set_client = utf8 */;
CREATE TABLE `article_content` (
  `id` int(11) NOT NULL AUTO_INCREMENT COMMENT '内容ID',
  `content` text DEFAULT NULL COMMENT '内容',
  PRIMARY KEY (`id`)
) ENGINE=InnoDB AUTO_INCREMENT=48 DEFAULT CHARSET=utf8 COMMENT='文章类内容表';
/*!40101 SET character_set_client = @saved_cs_client */;

--
-- Dumping data for table `article_content`
--

LOCK TABLES `article_content` WRITE;
/*!40000 ALTER TABLE `article_content` DISABLE KEYS */;
INSERT INTO `article_content` VALUES (1,'                                                                                                                                                                                                                                                                                                &nbsp; <br><h5>一、检查硬件及系统</h5>\r\n										<ol>\r\n											<li>查看VPS虚拟架构：</li>\r\n											<pre><code>\r\nroot@Toka:~# dmidecode -t 1\r\n# dmidecode 2.12\r\nSMBIOS 2.4 present.\r\n\r\nHandle 0x0100, DMI type 1, 27 bytes\r\nSystem Information\r\n		Manufacturer: Red Hat\r\n		Product Name: KVM\r\n		Version: RHEL 7.0.0 PC (i440FX + PIIX, 1996)\r\n		Serial Number: Not Specified\r\n		UUID: FA7BF371-7B90-4E7D-9A06-FC98D2FC234F\r\n		Wake-up Type: Power Switch\r\n		SKU Number: Not Specified\r\n		Family: Red Hat Enterprise Linux\r\nroot@Toka:~# 这一台是KVM架构的VPS，还有QEMU、Xen、VMware\r\nroot@Toka:~# 相对来说KVM是比较贵的,也比较稀少,下面这台是QEMU\r\n\r\nroot@Hotf:~# dmidecode -t 1\r\n# dmidecode 2.12\r\nSMBIOS 2.8 present.\r\n\r\nHandle 0x0100, DMI type 1, 27 bytes\r\nSystem Information\r\n        Manufacturer: QEMU\r\n        Product Name: Standard PC (i440FX + PIIX, 1996)\r\n        Version: pc-i440fx-2.1\r\n        Serial Number: 1ecccaa5-3bc5-40cd-b0a5-0066e4de084a\r\n        UUID: 1ECCCAA5-3BC5-40CD-B0A5-0066E4DE084A\r\n        Wake-up Type: Power Switch\r\n        SKU Number: Not Specified\r\n        Family: Not Specified\r\n\r\n											</code></pre>\r\n											<li>查看系统版本：</li> \r\n											<pre><code>\r\nroot@Toka:~# cat /etc/issue\r\nDebian GNU/Linux 9 \\n \\l\r\nroot@Toka:~# lsb_release -a\r\nNo LSB modules are available.\r\nDistributor ID: Debian\r\nDescription:    Debian GNU/Linux 9.1 (stretch)\r\nRelease:        9.1\r\nCodename:       stretch\r\nroot@Toka:~# cat /etc/os-release \r\nPRETTY_NAME=\"Debian GNU/Linux 9 (stretch)\"\r\nNAME=\"Debian GNU/Linux\"\r\nVERSION_ID=\"9\"\r\nVERSION=\"9 (stretch)\"\r\nID=debian\r\nHOME_URL=\"https://www.debian.org/\"\r\nSUPPORT_URL=\"https://www.debian.org/support\"\r\nBUG_REPORT_URL=\"https://bugs.debian.org/\"\r\nroot@Toka:~# cat /proc/version \r\nLinux version 4.9.0-3-amd64 (debian-kernel@lists.debian.org) (gcc version 6.3.0 20170516 (Debian 6.3.0-18) ) #1 SMP Debian 4.9.30-2+deb9u2 (2017-06-26)\r\nroot@Toka:~# uname -a\r\nLinux Toka 4.9.0-3-amd64 #1 SMP Debian 4.9.30-2+deb9u2 (2017-06-26) x86_64 GNU/Linux									</code></pre>\r\n											<li>查看是否为64位系统：</li>\r\n											<pre><code>\r\n[root@tokay.win(CentOS):~#] file /sbin/init\r\n/sbin/init: ELF 64-bit LSB shared object, x86-64, version 1 (SYSV), dynamically linked (uses shared libs), for GNU/Linux 2.6.18, stripped\r\nroot@toka.pro(Debian):~# file /lib/systemd/systemd\r\n/lib/systemd/systemd: ELF 64-bit LSB shared object, x86-64, version 1 (SYSV), dynamically linked, interpreter /lib64/ld-linux-x86-64.so.2, for GNU/Linux 2.6.32, BuildID[sha1]=9c328d5dd958a001ea35a2bd711ff5ec2b648a21, stripped\r\nroot@www.xdiary.win(Debian):~# Debian系列与CentOS系列所执行的命令行并不相同！</code>如果看到有<b>x86-64</b>字样，则是64位Linux操作系统。</pre>\r\n\r\n											<li>查看CPU信息：</li>\r\n											<pre><code>\r\nroot@toka.pro:~# dmidecode -t 4\r\n# dmidecode 2.12\r\nSMBIOS 2.4 present.\r\n\r\nHandle 0x0401, DMI type 4, 32 bytes\r\nProcessor Information\r\n        Socket Designation: CPU 1\r\n        Type: Central Processor\r\n        Family: Other\r\n        Manufacturer: Bochs\r\n        ID: D3 06 00 00 FD FB 8B 07\r\n        Version: Not Specified\r\n        Voltage: Unknown\r\n        External Clock: Unknown\r\n        Max Speed: 2000 MHz\r\n        Current Speed: 2000 MHz\r\n        Status: Populated, Enabled\r\n        Upgrade: Other\r\n        L1 Cache Handle: Not Provided\r\n        L2 Cache Handle: Not Provided\r\n        L3 Cache Handle: Not Provided\r\n\r\nroot@toka.pro:~# cat /proc/cpuinfo\r\nprocessor       : 0\r\nvendor_id       : GenuineIntel\r\ncpu family      : 6\r\nmodel           : 45\r\nmodel name      : Intel(R) Xeon(R) CPU E5-2620 0 @ 2.00GHz\r\nstepping        : 7\r\nmicrocode       : 1796\r\ncpu MHz         : 1999.996\r\ncache size      : 15360 KB\r\nphysical id     : 0\r\nsiblings        : 12\r\ncore id         : 0\r\ncpu cores       : 6\r\napicid          : 0\r\ninitial apicid  : 0\r\nfpu             : yes\r\nfpu_exception   : yes\r\ncpuid level     : 13\r\nwp              : yes\r\nflags           : fpu vme de pse tsc msr pae mce cx8 apic sep mtrr pge mca cmov pat pse36 clflush dts acpi mmx fxsr sse sse2 ss ht tm pbe syscall nx pdpe1gb rdtscp lm constant_tsc arch_perfmon pebs bts rep_good xtopology nonstop_tsc aperfmperf pni pclmulqdq dtes64 monitor ds_cpl vmx smx est tm2 ssse3 cx16 xtpr pdcm pcid dca sse4_1 sse4_2 x2apic popcnt tsc_deadline_timer aes xsave avx lahf_lm ida arat epb pln pts dtherm tpr_shadow vnmi flexpriority ept vpid xsaveopt\r\nbogomips        : 3999.99\r\nclflush size    : 64\r\ncache_alignment : 64\r\naddress sizes   : 46 bits physical, 48 bits virtual\r\npower management:\r\n											</code></pre>\r\n\r\n											<li>查看内存信息:</li>\r\n											<pre>命令 <b>free -m</b> 与 <b>cat /proc/meminfo</b> 都可以查看到内存的信息<code>\r\nroot@toka.pro:~# dmidecode -t 16\r\n# dmidecode 2.12\r\nSMBIOS 2.4 present.\r\n\r\nHandle 0x1000, DMI type 16, 15 bytes\r\nPhysical Memory Array\r\n        Location: Other\r\n        Use: System Memory\r\n        Error Correction Type: Multi-bit ECC\r\n        Maximum Capacity: 2 GB\r\n        Error Information Handle: Not Provided\r\n        Number Of Devices: 1\r\nroot@toka.pro:~# free -m\r\n             total       used       free     shared    buffers     cached\r\nMem:          1024        252        771         58          0        169\r\n-/+ buffers/cache:         82        941\r\nSwap:          512         68        443\r\nroot@toka.pro:~# cat /proc/meminfo\r\nMemTotal:        1048576 kB\r\nMemFree:          793792 kB\r\nCached:           172064 kB\r\nBuffers:               0 kB\r\nActive:            93472 kB\r\nInactive:          90004 kB\r\nActive(anon):      32580 kB\r\nInactive(anon):    37488 kB\r\nActive(file):      60892 kB\r\nInactive(file):    52516 kB\r\nUnevictable:           0 kB\r\nMlocked:               0 kB\r\nSwapTotal:        524288 kB\r\nSwapFree:         454312 kB\r\nDirty:                24 kB\r\nWriteback:             0 kB\r\nAnonPages:         70068 kB\r\nShmem:             58656 kB\r\nSlab:              12640 kB\r\nSReclaimable:       4748 kB\r\nSUnreclaim:         7892 kB\r\nelapse@elapse-PC:~$  dmidecode -t memory可以查看到物理内存信息,包括主板可插几根内存,已插内存代数,频率,容量等\r\nelapse@elapse-PC:~$  sudo dmidecode -t memory\r\n# dmidecode 3.2\r\nGetting SMBIOS data from sysfs.\r\nSMBIOS 3.1.1 present.\r\n\r\nHandle 0x0026, DMI type 16, 23 bytes\r\nPhysical Memory Array\r\n	Location: System Board Or Motherboard\r\n	Use: System Memory\r\n	Error Correction Type: None\r\n	Maximum Capacity: 256 GB\r\n	Error Information Handle: 0x0025\r\n	Number Of Devices: 4\r\n\r\nHandle 0x002D, DMI type 17, 40 bytes\r\nMemory Device\r\n	Array Handle: 0x0026\r\n	Error Information Handle: 0x002C\r\n	Total Width: Unknown\r\n	Data Width: Unknown\r\n	Size: No Module Installed\r\n	Form Factor: Unknown\r\n	Set: None\r\n	Locator: DIMM 0\r\n	Bank Locator: P0 CHANNEL A\r\n	Type: Unknown\r\n	Type Detail: Unknown\r\n	Speed: Unknown\r\n	Manufacturer: Unknown\r\n	Serial Number: Unknown\r\n	Asset Tag: Not Specified\r\n	Part Number: Unknown\r\n	Rank: Unknown\r\n	Configured Memory Speed: Unknown\r\n	Minimum Voltage: Unknown\r\n	Maximum Voltage: Unknown\r\n	Configured Voltage: Unknown\r\n\r\nHandle 0x002F, DMI type 17, 40 bytes\r\nMemory Device\r\n	Array Handle: 0x0026\r\n	Error Information Handle: 0x002E\r\n	Total Width: Unknown\r\n	Data Width: Unknown\r\n	Size: No Module Installed\r\n	Form Factor: Unknown\r\n	Set: None\r\n	Locator: DIMM 1\r\n	Bank Locator: P0 CHANNEL A\r\n	Type: Unknown\r\n	Type Detail: Unknown\r\n	Speed: Unknown\r\n	Manufacturer: Unknown\r\n	Serial Number: Unknown\r\n	Asset Tag: Not Specified\r\n	Part Number: Unknown\r\n	Rank: Unknown\r\n	Configured Memory Speed: Unknown\r\n	Minimum Voltage: Unknown\r\n	Maximum Voltage: Unknown\r\n	Configured Voltage: Unknown\r\n\r\nHandle 0x0031, DMI type 17, 40 bytes\r\nMemory Device\r\n	Array Handle: 0x0026\r\n	Error Information Handle: 0x0030\r\n	Total Width: Unknown\r\n	Data Width: Unknown\r\n	Size: No Module Installed\r\n	Form Factor: Unknown\r\n	Set: None\r\n	Locator: DIMM 0\r\n	Bank Locator: P0 CHANNEL B\r\n	Type: Unknown\r\n	Type Detail: Unknown\r\n	Speed: Unknown\r\n	Manufacturer: Unknown\r\n	Serial Number: Unknown\r\n	Asset Tag: Not Specified\r\n	Part Number: Unknown\r\n	Rank: Unknown\r\n	Configured Memory Speed: Unknown\r\n	Minimum Voltage: Unknown\r\n	Maximum Voltage: Unknown\r\n	Configured Voltage: Unknown\r\n\r\nHandle 0x0033, DMI type 17, 40 bytes\r\nMemory Device\r\n	Array Handle: 0x0026\r\n	Error Information Handle: 0x0032\r\n	Total Width: 64 bits\r\n	Data Width: 64 bits\r\n	Size: 8192 MB\r\n	Form Factor: DIMM\r\n	Set: None\r\n	Locator: DIMM 1\r\n	Bank Locator: P0 CHANNEL B\r\n	Type: DDR4\r\n	Type Detail: Synchronous Unbuffered (Unregistered)\r\n	Speed: 2133 MT/s\r\n	Manufacturer: Unknown\r\n	Serial Number: D4C17584\r\n	Asset Tag: Not Specified\r\n	Part Number: STK4U2133D15081C\r\n	Rank: 1\r\n	Configured Memory Speed: 2133 MT/s\r\n	Minimum Voltage: 1.2 V\r\n	Maximum Voltage: 1.2 V\r\n	Configured Voltage: 1.2 V\r\n\r\nelapse@elapse-PC:~$\r\n\r\n											</code></pre>\r\n\r\n											<li>查看硬盘（磁盘）：</li>\r\n											<pre><code>\r\nroot@hotf-net:~# fdisk -l\r\nDisk /dev/vda: 20 GiB, 21474836480 bytes, 41943040 sectors\r\nUnits: sectors of 1 * 512 = 512 bytes\r\nSector size (logical/physical): 512 bytes / 512 bytes\r\nI/O size (minimum/optimal): 512 bytes / 512 bytes\r\nDisklabel type: dos\r\nDisk identifier: 0xeec04523\r\n\r\nDevice     Boot Start      End  Sectors Size Id Type\r\n/dev/vda1  *     2048 41940991 41938944  20G 83 Linux\r\n\r\n\r\nDisk /dev/vdb: 20 GiB, 21474836480 bytes, 41943040 sectors\r\nUnits: sectors of 1 * 512 = 512 bytes\r\nSector size (logical/physical): 512 bytes / 512 bytes\r\nI/O size (minimum/optimal): 512 bytes / 512 bytes\r\nroot@hotf-net:~# 以上表示本机有vda（20GB,已分区使用）、vdb（20GB，未分区未使用）两块硬盘\r\n											</code></pre>\r\n<li>分区并挂载硬盘（磁盘）：</li>\r\n											<pre><code>\r\nroot@hotf-net:~# 进入vdb磁盘，对vdb磁盘进行分区\r\nroot@hotf-net:~# fdisk /dev/vdb\r\n欢迎使用 fdisk (util-linux 2.25.2)。\r\n更改将停留在内存中，直到您决定将更改写入磁盘。\r\n使用写入命令前请三思。\r\n\r\n命令(输入 m 获取帮助)：m\r\n\r\n帮助：\r\n\r\n  DOS (MBR)\r\n   a   开关 可启动 标志\r\n   b   编辑嵌套的 BSD 磁盘标签\r\n   c   开关 dos 兼容性标志\r\n\r\n  常规\r\n   d   删除分区\r\n   l   列出已知分区类型\r\n   n   添加新分区\r\n   p   打印分区表\r\n   t   更改分区类型\r\n   v   检查分区表\r\n\r\n  杂项\r\n   m   打印此菜单\r\n   u   更改 显示/记录 单位\r\n   x   更多功能(仅限专业人员)\r\n\r\n  保存并退出\r\n   w   将分区表写入磁盘并退出\r\n   q   退出而不保存更改\r\n\r\n  新建空磁盘标签\r\n   g   新建一份 GPT 分区表\r\n   G   新建一份空 GPT (IRIX) 分区表\r\n   o   新建一份的空 DOS 分区表\r\n   s   新建一份空 Sun 分区表\r\n\r\n命令(输入 m 获取帮助)：n               #这里输入m可以查看命令，n不查看帮助命令\r\n分区类型\r\n   p   主分区 (1个主分区，0个扩展分区，3空闲)\r\n   e   扩展分区 (逻辑分区容器)\r\n选择 (默认 p)：p                        #回车直接建主分区\r\n分区号 (1-4，默认 1)： 1                #输入1，建立第一分区\r\nFirst sector (2048-41943039, default 2048):             #直接回车\r\nLast sector, +sectors or +size{K,M,G,T,P} (2048-41943039, default 41943039):  \r\n                                                        #这里注意直接回车将分所有容量，不然要输入大小\r\n\r\nCreated a new partition 1 of type \'Linux\' and of size 20 GiB.\r\n\r\n命令(输入 m 获取帮助)： w               # w为保存退出，q退出而不保存更改\r\nThe partition table has been altered.\r\nCalling ioctl() to re-read partition table.\r\nSyncing disks.                          # 到此分区完成，接下来挂载！！！\r\nroot@hotf-net:~# 再查看当前硬盘状态，是否已改变？？\r\nroot@hotf-net:~# fdisk -l\r\nDisk /dev/vda: 20 GiB, 21474836480 bytes, 41943040 sectors\r\nUnits: sectors of 1 * 512 = 512 bytes\r\nSector size (logical/physical): 512 bytes / 512 bytes\r\nI/O size (minimum/optimal): 512 bytes / 512 bytes\r\nDisklabel type: dos\r\nDisk identifier: 0xeec04523\r\n\r\nDevice     Boot Start      End  Sectors Size Id Type\r\n/dev/vda1  *     2048 41940991 41938944  20G 83 Linux\r\n\r\n\r\nDisk /dev/vdb: 20 GiB, 21474836480 bytes, 41943040 sectors\r\nUnits: sectors of 1 * 512 = 512 bytes\r\nSector size (logical/physical): 512 bytes / 512 bytes\r\nI/O size (minimum/optimal): 512 bytes / 512 bytes\r\nDisklabel type: dos\r\nDisk identifier: 0x41c95590\r\n\r\nDevice     Boot Start      End  Sectors Size Id Type\r\n/dev/vdb1        2048 41943039 41940992  20G 83 Linux\r\nroot@hotf-net:~# 格式化刚才新建的分区，将/dev/vdb1格式化为ext4类型\r\nroot@hotf-net:~# mkfs.ext4 /dev/vdb1\r\nmke2fs 1.44.1 (24-Mar-2018)\r\nCreating filesystem with 5242624 4k blocks and 1310720 inodes\r\nFilesystem UUID: 04578bcb-96c1-477d-9f38-875bd0e5aef9\r\nSuperblock backups stored on blocks: \r\n        32768, 98304, 163840, 229376, 294912, 819200, 884736, 1605632, 2654208, \r\n        4096000\r\n\r\nAllocating group tables: done                            \r\nWriting inode tables: done                            \r\nCreating journal (32768 blocks): done\r\nWriting superblocks and filesystem accounting information: done   \r\n\r\nroot@hotf-net:~# 创建挂载目录\r\nroot@hotf-net:~# mkdir /data\r\nroot@hotf-net:~# 挂载/dev/vdb1到/data\r\nroot@hotf-net:~# mount /dev/vdb1 /data\r\nroot@hotf-net:~# df -h\r\nFilesystem      Size  Used Avail Use% Mounted on\r\nudev            967M     0  967M   0% /dev\r\ntmpfs           200M  5.2M  195M   3% /run\r\n/dev/vda1        20G  9.7G  9.0G  52% /\r\ntmpfs           997M     0  997M   0% /dev/shm\r\ntmpfs           5.0M     0  5.0M   0% /run/lock\r\ntmpfs           997M     0  997M   0% /sys/fs/cgroup\r\ntmpfs           200M     0  200M   0% /run/user/0\r\n/dev/vdb1        20G   45M   19G   1% /data\r\nroot@hotf-net:~# 看，已挂载成,现在可以用新的硬盘了，但重启后还要重新挂载！！\r\nroot@hotf-net:~# 所以要配置开机自动挂载\r\nroot@hotf-net:~# vim /etc/fstab\r\n#加入如下行,保存\r\n/dev/vdb1       /data      ext4    defaults   0   0\r\nroot@hotf-net:~# 更兼容式的自动挂载是用UUID来代替/dev/vdb1\r\nroot@hotf-net:~# 找到分区的UUID（先查看硬盘分区的UUID）\r\nroot@hotf-net:~# blkid\r\n/dev/vda1: UUID=\"7cef075a-e1dc-43f2-82cf-7b135e22a302\" TYPE=\"ext4\" PARTUUID=\"eec04523-01\"\r\n/dev/vdb1: UUID=\"04578bcb-96c1-477d-9f38-875bd0e5aef9\" TYPE=\"ext4\" PARTUUID=\"41c95590-01\"\r\nroot@hotf-net:~# vim /etc/fstab\r\n# 用UUID代替“/dev/sdb1”这样才更有兼容性\r\nUUID=\"04578bcb-96c1-477d-9f38-875bd0e5aef9\" /data       ext4  defaults   0    0\r\nroot@hotf-net:~# OK，可以重启看下是否真的会自动挂载了!!!\r\n											</code></pre>\r\n<p>记一次4TB硬盘只分一个区</p>\r\n<pre><code>\r\nroot@elapse-PC:/home/elapse# parted /dev/sda\r\nGNU Parted 3.3\r\n使用 /dev/sda\r\n欢迎使用 GNU Parted！输入 \'help\' 来查看命令列表。\r\n(parted) p                                                                \r\n型号：ATA WDC WD40EJRX-89A (scsi)\r\n磁盘 /dev/sda: 4001GB\r\n扇区大小 (逻辑/物理)：512B/4096B\r\n分区表：gpt\r\n磁盘标志：\r\n\r\n编号  起始点  结束点  大小    文件系统  名称     标志\r\n 1    1049kB  4001GB  4001GB            primary\r\n\r\n(parted) help                                                             \r\n  align-check TYPE N                       check partition N for TYPE(min|opt) alignment\r\n  help [COMMAND]                           打印通用求助信息，或 COMMAND 的帮助\r\n  mklabel,mktable LABEL-TYPE               创建新的磁盘卷标 (分区表)\r\n  mkpart 分区类型 [文件系统类型] 起始点 结束点 创建一个分区\r\n  name 编号 名称                           将指定“编号”的分区命名为“名称”\r\n  print [devices|free|list,all|数字]        显示分区表、可用设备、剩余空间、所有分区或特殊分区\r\n  quit                                     退出程序\r\n  rescue 起始点 终止点                      挽救临近“起始点”、“终止点”的遗失的分区\r\n  resizepart NUMBER END                    改变 NUMBER 的大小\r\n  rm NUMBER                                删除编号为 NUMBER 的分区\r\n  select 设备                              选择要编辑的设备\r\n  disk_set 旗标 状态                       变更已选设备上的旗标\r\n  disk_toggle [旗标]                       切换已选设备上的旗标状态\r\n  set 编号 旗标 状态                       改变指定“编号”分区的旗标\r\n  toggle [编号 [旗标]]                     切换“编号”分区上的“旗标”状态\r\n  unit 单位                                设置缺省的“单位”\r\n  version                                  显示目前 GNU Parted 的版本与版权信息\r\n(parted) p                                                                \r\n型号：ATA WDC WD40EJRX-89A (scsi)\r\n磁盘 /dev/sda: 4001GB\r\n扇区大小 (逻辑/物理)：512B/4096B\r\n分区表：gpt\r\n磁盘标志：\r\n\r\n编号  起始点  结束点  大小    文件系统  名称     标志\r\n 1    1049kB  4001GB  4001GB            primary\r\n\r\n(parted) mklabel gpt\r\n警告: 现有 /dev/sda 上的磁盘卷标将被销毁，而所有在这个磁盘上的数据将会丢失。您要继续吗？\r\n是/Yes/否/No? Yes\r\n(parted) p                                                                \r\n型号：ATA WDC WD40EJRX-89A (scsi)\r\n磁盘 /dev/sda: 4001GB\r\n扇区大小 (逻辑/物理)：512B/4096B\r\n分区表：gpt\r\n磁盘标志：\r\n\r\n编号  起始点  结束点  大小  文件系统  名称  标志\r\n\r\n(parted) mkpart \r\n分区名称？  []? luck                                                      \r\n文件系统类型？  [ext2]? ext4                                              \r\n起始点？ 0%                                                               \r\n结束点？ 100%  \r\n===================多个分区时,不想用百分比来计算,可以直接如下从1开始,记录不能从零,从零开始的起始点会导致分区不对齐等问题===========================\r\n起始点？ 1                                                                  \r\n结束点？ 4001GB                  \r\n===================================================================================================================================                                                     \r\n(parted) p                                                                \r\n型号：ATA WDC WD40EJRX-89A (scsi)\r\n磁盘 /dev/sda: 4001GB\r\n扇区大小 (逻辑/物理)：512B/4096B\r\n分区表：gpt\r\n磁盘标志：\r\n\r\n编号  起始点  结束点  大小    文件系统  名称  标志\r\n 1    1049kB  4001GB  4001GB  ext4      luck\r\n\r\n(parted) quit                                                             \r\n信息: 你可能需要 /etc/fstab。\r\n\r\nroot@elapse-PC:/home/elapse# fdisk -l                              \r\nDisk /dev/sda：3.65 TiB，4000787030016 字节，7814037168 个扇区\r\nDisk model: WDC WD40EJRX-89A\r\n单元：扇区 / 1 * 512 = 512 字节\r\n扇区大小(逻辑/物理)：512 字节 / 4096 字节\r\nI/O 大小(最小/最佳)：4096 字节 / 4096 字节\r\n磁盘标签类型：gpt\r\n磁盘标识符：494FB406-4C3D-4AC1-8D62-F949B6718098\r\n\r\n设备        起点       末尾       扇区  大小 类型\r\n/dev/sda1   2048 7814035455 7814033408  3.7T Linux 文件系统\r\n\r\n\r\nDisk /dev/sdc：931.53 GiB，1000204886016 字节，1953525168 个扇区\r\nDisk model: TOSHIBA HDWD110 \r\n单元：扇区 / 1 * 512 = 512 字节\r\n扇区大小(逻辑/物理)：512 字节 / 4096 字节\r\nI/O 大小(最小/最佳)：4096 字节 / 4096 字节\r\n磁盘标签类型：dos\r\n磁盘标识符：0xcbe496c9\r\n\r\n设备       启动       起点       末尾       扇区   大小 Id 类型\r\n/dev/sdc1  *          2048  243273727  243271680   116G  7 HPFS/NTFS/exFAT\r\n/dev/sdc2        578820096 1585455103 1006635008   480G  7 HPFS/NTFS/exFAT\r\n/dev/sdc3       1585455104 1953523711  368068608 175.5G  f W95 扩展 (LBA)\r\n/dev/sdc5       1585457152 1953523711  368066560 175.5G  7 HPFS/NTFS/exFAT\r\n\r\n\r\nDisk /dev/sdb：119.25 GiB，128035676160 字节，250069680 个扇区\r\nDisk model: TOSHIBA THNSNJ12\r\n单元：扇区 / 1 * 512 = 512 字节\r\n扇区大小(逻辑/物理)：512 字节 / 512 字节\r\nI/O 大小(最小/最佳)：512 字节 / 512 字节\r\n磁盘标签类型：gpt\r\n磁盘标识符：519C49BC-E3D7-4059-889C-EFC9B64DA55C\r\n\r\n设备          起点      末尾      扇区   大小 类型\r\n/dev/sdb1     2048   1050623   1048576   512M EFI 系统\r\n/dev/sdb2  1050624 250068991 249018368 118.8G Linux 文件系统\r\nroot@elapse-PC:/home/elapse#\r\nroot@elapse-PC:/home/elapse# df -h\r\n文件系统        容量  已用  可用 已用% 挂载点\r\nudev             12G     0   12G    0% /dev\r\ntmpfs           2.3G  1.6M  2.3G    1% /run\r\n/dev/sdb2       117G  105G  5.6G   95% /\r\ntmpfs            12G  350M   11G    4% /dev/shm\r\ntmpfs           5.0M  4.0K  5.0M    1% /run/lock\r\ntmpfs            12G     0   12G    0% /sys/fs/cgroup\r\n/dev/sdb1       511M  212M  300M   42% /boot/efi\r\n/dev/sdc5       176G  173G  3.5G   99% /media/elapse/尾部\r\n/dev/sdc2       481G  469G   12G   98% /media/elapse/幸运星\r\ntmpfs           2.3G   32K  2.3G    1% /run/user/1000\r\nroot@elapse-PC:/home/elapse# mkdir /luck\r\nroot@elapse-PC:/home/elapse# fdisk -l\r\nDisk /dev/sda：3.65 TiB，4000787030016 字节，7814037168 个扇区\r\nDisk model: WDC WD40EJRX-89A\r\n单元：扇区 / 1 * 512 = 512 字节\r\n扇区大小(逻辑/物理)：512 字节 / 4096 字节\r\nI/O 大小(最小/最佳)：4096 字节 / 4096 字节\r\n磁盘标签类型：gpt\r\n磁盘标识符：494FB406-4C3D-4AC1-8D62-F949B6718098\r\n\r\n设备        起点       末尾       扇区  大小 类型\r\n/dev/sda1   2048 7814035455 7814033408  3.7T Linux 文件系统\r\n\r\n\r\nDisk /dev/sdc：931.53 GiB，1000204886016 字节，1953525168 个扇区\r\nDisk model: TOSHIBA HDWD110 \r\n单元：扇区 / 1 * 512 = 512 字节\r\n扇区大小(逻辑/物理)：512 字节 / 4096 字节\r\nI/O 大小(最小/最佳)：4096 字节 / 4096 字节\r\n磁盘标签类型：dos\r\n磁盘标识符：0xcbe496c9\r\n\r\n设备       启动       起点       末尾       扇区   大小 Id 类型\r\n/dev/sdc1  *          2048  243273727  243271680   116G  7 HPFS/NTFS/exFAT\r\n/dev/sdc2        578820096 1585455103 1006635008   480G  7 HPFS/NTFS/exFAT\r\n/dev/sdc3       1585455104 1953523711  368068608 175.5G  f W95 扩展 (LBA)\r\n/dev/sdc5       1585457152 1953523711  368066560 175.5G  7 HPFS/NTFS/exFAT\r\n\r\n\r\nDisk /dev/sdb：119.25 GiB，128035676160 字节，250069680 个扇区\r\nDisk model: TOSHIBA THNSNJ12\r\n单元：扇区 / 1 * 512 = 512 字节\r\n扇区大小(逻辑/物理)：512 字节 / 512 字节\r\nI/O 大小(最小/最佳)：512 字节 / 512 字节\r\n磁盘标签类型：gpt\r\n磁盘标识符：519C49BC-E3D7-4059-889C-EFC9B64DA55C\r\n\r\n设备          起点      末尾      扇区   大小 类型\r\n/dev/sdb1     2048   1050623   1048576   512M EFI 系统\r\n/dev/sdb2  1050624 250068991 249018368 118.8G Linux 文件系统\r\nroot@elapse-PC:/home/elapse# mount /dev/sda1 /luck\r\nroot@elapse-PC:/home/elapse# df -h\r\n文件系统        容量  已用  可用 已用% 挂载点\r\nudev             12G     0   12G    0% /dev\r\ntmpfs           2.3G  1.6M  2.3G    1% /run\r\n/dev/sdb2       117G  105G  5.6G   95% /\r\ntmpfs            12G  350M   11G    4% /dev/shm\r\ntmpfs           5.0M  4.0K  5.0M    1% /run/lock\r\ntmpfs            12G     0   12G    0% /sys/fs/cgroup\r\n/dev/sdb1       511M  212M  300M   42% /boot/efi\r\n/dev/sdc5       176G  173G  3.5G   99% /media/elapse/尾部\r\n/dev/sdc2       481G  469G   12G   98% /media/elapse/幸运星\r\ntmpfs           2.3G   32K  2.3G    1% /run/user/1000\r\n/dev/sda1       3.6T   89M  3.4T    1% /luck\r\nroot@elapse-PC:/home/elapse# blkid\r\n/dev/sdb2: UUID=\"1660799e-0c0d-4074-9b76-78913c95458a\" TYPE=\"ext4\" PARTUUID=\"8a22825f-46d1-4679-9112-6bdba0cb6047\"\r\n/dev/sda1: UUID=\"37f2860b-5e55-45b8-b3c7-ab8f72cabeb6\" TYPE=\"ext4\" PARTLABEL=\"luck\" PARTUUID=\"90e29142-7cd3-4f1d-a374-f611ed7f2d07\"\r\n/dev/sdc1: LABEL=\"Win 10Old\" UUID=\"3C52F87652F8366C\" TYPE=\"ntfs\" PARTUUID=\"cbe496c9-01\"\r\n/dev/sdc2: LABEL=\"M-eM-9M-8M-hM-?M-^PM-fM-^XM-^_\" UUID=\"2B74982AED7F572A\" TYPE=\"ntfs\" PARTUUID=\"cbe496c9-02\"\r\n/dev/sdc5: LABEL=\"M-eM-0M-&gt;M-iM-^CM-(\" UUID=\"90D62590D625781C\" TYPE=\"ntfs\" PARTUUID=\"cbe496c9-05\"\r\n/dev/sdb1: LABEL=\"^LM-f^AM-H^D\" UUID=\"C545-4EC0\" TYPE=\"vfat\" PARTLABEL=\"EFI System Partition\" PARTUUID=\"d61f6124-b6bf-40c8-8995-8941ac477e68\"\r\nroot@elapse-PC:/home/elapse# vim /etc/fstab \r\n# /etc/fstab: static file system information.\r\n#\r\n# Use \'blkid\' to print the universally unique identifier for a\r\n# device; this may be used with UUID= as a more robust way to name devices\r\n# that works even if disks are added and removed. See fstab(5).\r\n#\r\n# <file system=\"\"> <mount point=\"\">   <type>  <options>       <dump>  <pass>\r\n# / was on /dev/sda2 during installation\r\nUUID=1660799e-0c0d-4074-9b76-78913c95458a /               ext4    errors=remount-ro 0       0\r\n# /boot/efi was on /dev/sda1 during installation\r\nUUID=C545-4EC0  /boot/efi       vfat    umask=0077          0       0\r\n/swapfile                                 none             swap    sw              0       0\r\nUUID=\"37f2860b-5e55-45b8-b3c7-ab8f72cabeb6\"  /luck         ext4  defaults   0    0\r\nUUID=\"2B74982AED7F572A\"             /media/elapse/幸运星   ntfs  defaults   0    0\r\nUUID=\"90D62590D625781C\"             /media/elapse/尾部     ntfs  defaults   0    0\r\n\r\nroot@elapse-PC:/home/elapse# df -h\r\n文件系统        容量  已用  可用 已用% 挂载点\r\nudev             12G     0   12G    0% /dev\r\ntmpfs           2.3G  1.6M  2.3G    1% /run\r\n/dev/sdb2       117G  105G  5.6G   95% /\r\ntmpfs            12G  350M   11G    4% /dev/shm\r\ntmpfs           5.0M  4.0K  5.0M    1% /run/lock\r\ntmpfs            12G     0   12G    0% /sys/fs/cgroup\r\n/dev/sdb1       511M  212M  300M   42% /boot/efi\r\n/dev/sdc5       176G  173G  3.5G   99% /media/elapse/尾部\r\n/dev/sdc2       481G  469G   12G   98% /media/elapse/幸运星\r\ntmpfs           2.3G   32K  2.3G    1% /run/user/1000\r\n/dev/sda1       3.6T   89M  3.4T    1% /luck\r\nroot@elapse-PC:/home/elapse# \r\n\r\n</pass></dump></options></type></mount></file></code></pre>\r\n\r\n											<li>查看分区容量情况：</li><pre><code>root@hotf-net:~# df -h\r\nFilesystem      Size  Used Avail Use% Mounted on\r\nudev            967M     0  967M   0% /dev\r\ntmpfs           200M  5.1M  195M   3% /run\r\n/dev/vda1        20G  9.7G  8.9G  53% /\r\ntmpfs           997M     0  997M   0% /dev/shm\r\ntmpfs           5.0M     0  5.0M   0% /run/lock\r\ntmpfs           997M     0  997M   0% /sys/fs/cgroup\r\n/dev/vdb1        20G   45M   19G   1% /data\r\ntmpfs           200M     0  200M   0% /run/user/0\r\nroot@hotf-net:~# 这里可以看到分区及硬盘挂载情况									</code></pre>\r\n\r\n											<li>测试VPS主机磁盘IO的性能,也是区分是否为固态硬盘重要依据：</li>\r\n											<pre><code>\r\nroot@toka.pro:~# time dd if=/dev/zero bs=1024k of=tstfile count=1024\r\n记录了1024+0 的读入\r\n记录了1024+0 的写出\r\n1073741824 bytes (1.1 GB, 1.0 GiB) copied, 8.19455 s, 131 MB/s\r\n\r\nreal    0m8.219s\r\nuser    0m0.000s\r\nsys     0m2.544s\r\nroot@toka.pro:~# dd if=tstfile bs=1024k of=/dev/null count=1024\r\n录了1024+0 的读入\r\n记录了1024+0 的写出\r\n1073741824 bytes (1.1 GB, 1.0 GiB) copied, 0.257606 s, 4.2 GB/s\r\nroot@toka.pro:~# dd if=tstfile of=/dev/null bs=1M count=1024\r\n记录了1024+0 的读入\r\n记录了1024+0 的写出\r\n1073741824 bytes (1.1 GB, 1.0 GiB) copied, 0.299709 s, 3.6 GB/s\r\nroot@toka.pro:~# \r\nroot@toka.pro:~# dd if=/dev/zero of=test bs=64k count=4k oflag=dsync\r\n记录了4096+0 的读入\r\n记录了4096+0 的写出\r\n268435456 bytes (268 MB, 256 MiB) copied, 5.91183 s, 45.4 MB/s\r\nroot@toka.pro:~# dd if=/dev/zero of=test bs=8k count=256k conv=fdatasync\r\n记录了262144+0 的读入\r\n记录了262144+0 的写出\r\n2147483648 bytes (2.1 GB, 2.0 GiB) copied, 3.79961 s, 565 MB/s\r\nroot@toka.pro:~# 这台固态硬盘，普通硬盘在 10.2 MB/s、44.9 MB/s左右\r\n											</code></pre>\r\n										</ol>\r\n									<h5>二、修改密码及配制密钥登录</h5>\r\n										<ol>\r\n											<li>修改密码：passwd</li>\r\n											<li>配置密钥登录：</li>\r\n											<pre><code>\r\nroot@toka.pro:~# mkdir ~/.ssh\r\nroot@toka.pro:~# chmod 700 ~/.ssh\r\nroot@toka.pro:~# 把用SecureCRT创建的RSA公钥Identity.pub上传到服务器,再把公钥加入authorized_keys中（或者用ssh-keygen -t rsa 生成公私钥）\r\nroot@toka.pro:~# ssh-keygen -i -f Identity.pub &gt;&gt; ~/.ssh/authorized_keys \r\nroot@toka.pro:~# chmod 600 ~/.ssh/authorized_keys\r\nroot@toka.pro:~# /etc/init.d/ssh restart\r\nroot@toka.pro:~# 重启SSH,试下用私钥登录(CentOS系列：/etc/init.d/sshd restart)，如还不能成功用私钥登录，请再按以下修改ssh配置\r\nroot@toka.pro:~# vim /etc/ssh/sshd_config\r\n        # PermitRootLogin prohibit-password\r\n        # 把上面那一行改成如下,允许ROOT远程\r\n        PermitRootLogin yes      \r\n	TCPKeepAlive yes         #保持连接\r\n	ClientAliveInterval 60   #每一分问一次客户端在不在\r\n	ClientAliveCountMax 3    #客户端3次没回应才断开(手动增加)\r\n	RSAAuthentication yes    #RSA认证\r\n	PubkeyAuthentication yes  #开启公钥验证\r\n	#验证文件路径，这个可以不更改它,因为上面用的就是这个目录\r\n	AuthorizedKeysFile    %h/.ssh/authorized_keys  #公钥存放路径，默认不用修改\r\n	PasswordAuthentication no   #一定要测试私钥可以登录后才能关闭常规的密码登录,不然将再也远程登录不了\r\nroot@toka.pro:~# /etc/init.d/ssh restart \r\nroot@(CentOS-7.6):~# systemctl restart sshd.service\r\n											</code></pre>\r\n<li>Linux生成密钥：</li>\r\n<p>\r\n执行ssh-keygen -t rsa <br>\r\n一路回车，什么都不输入才能创建免密码登录，成功创建公钥、私钥(id_rsa)，位于 /root/.ssh/目录下的 id_rsa 和 id_rsa.pub\r\n</p>\r\n<pre><code>\r\nelapse@luck:~$ ssh-keygen -t rsa\r\nGenerating public/private rsa key pair.\r\nEnter file in which to save the key (/home/elapse/.ssh/id_rsa): \r\n/home/elapse/.ssh/id_rsa already exists.\r\nOverwrite (y/n)? y\r\nEnter passphrase (empty for no passphrase): \r\nEnter same passphrase again: \r\nYour identification has been saved in /home/elapse/.ssh/id_rsa\r\nYour public key has been saved in /home/elapse/.ssh/id_rsa.pub\r\nThe key fingerprint is:\r\nSHA256:MItWiGVFbP1SQ1w0U+cheGaKnrBFwvm5hzxNv8FrXkk elapse@luck\r\nThe key\'s randomart image is:\r\n+---[RSA 3072]----+\r\n|    o++..o.o*o...|\r\n|   + .o+..+. *.o.|\r\n|  . ..+ +oo.=   .|\r\n|     o =.=.o     |\r\n|    o . S.* o  E |\r\n|   .   . B o +. .|\r\n|          o   +o |\r\n|             +.  |\r\n|            o.   |\r\n+----[SHA256]-----+\r\nelapse@luck:~$ \r\n</code></pre>									</ol>\r\n\r\n									<h5>三、配制bash高亮及当前系统位置提示</h5>\r\n										<ol>\r\n											<li>配制高亮bash：</li>\r\n											<blockquote>\r\n											  \r\n											  <pre><code>\r\nroot@toka.pro:~# vim ~/.bashrc\r\n	###使以下几行生效,去掉以下几行头部“#”就可以了###\r\n	export LS_OPTIONS=\\\"--color=auto\\\"\r\n	eval \"`dircolors`\"\r\n	alias ls=\\\"ls $LS_OPTIONS\\\"\r\n	alias ll=\\\"ls $LS_OPTIONS -l\\\"\r\n	alias l=\\\"ls $LS_OPTIONS -lA\\\"\r\n						                      </code></pre>\r\n						                      <p>保存退出,重新登录后就可看到效果</p>\r\n						                    </blockquote>\r\n										\r\n											<li>配制vim高亮语法与默认编码：</li>\r\n											<pre><code>\r\nroot@toka.pro:~# 在当前家目录下添加或修改.vimrc\r\nroot@toka.pro:~# vim ~/.vimrc\r\n	syntax on\r\n	set number\r\n	set fileencodings=utf-8,ucs-bom,gb18030,gbk,gb2312,cp936\r\n	set termencoding=utf-8\r\n	set encoding=utf-8	\r\nroot@toka.pro:~# 保存退出,如果还没有高亮语法的话,确认安装了vim-enhanced，再在/etc/profile末尾加入此句\r\nroot@toka.pro:~# vim /etc/profile\r\n	export TERM=xterm-color       #这样就可以高亮显示了\r\n											</code></pre>\r\n\r\n											<li>修改系统提示：</li>\r\n											<pre><code>\r\nroot@toka.pro:~# 修改hostname\r\nroot@toka.pro:~# vim /etc/hostname\r\n    ###修改为hotf###\r\n    hotf \r\nroot@toka.pro:~# 记得要修改/etc/hosts,（因为不修改可能会导致解析错误等等）\r\nroot@toka.pro:~# vim /etc/hosts\r\n    ###记得要把127.0.1.1 这行中旧的hostname改为现在新的###\r\n    ###不然会出现解析错误等问题（如Nginx中不能正确识别网站的虚拟目录设置）\r\n    127.0.1.1    hotf\r\nroot@toka.pro:~# 重启之后以上两项修改正式生效\r\nroot@toka.pro:~# vim ~/.bashrc\r\n	###把PS1这一行改成如下###\r\n	PS1=\'\\[\\e[31m\\]\\u\\[\\e[36m\\]@\\[\\e[35m\\]\\h\\[\\e[32m\\]:\\[\\e[34m\\]\\w\\[\\e[33m\\]\\$\\[\\e[m\\] \' \r\nroot@toka.pro:~# 保存退出,重新登录生效\r\n											</code></pre>\r\n										</ol>\r\n\r\n									<h5>四、中文环境与中国时间</h5>\r\n									<blockquote>\r\n										<ol>\r\n											<li>查系统所支持的区域是否有中文：</li>\r\n											<pre><code>\r\nroot@hotf:~# locale -a|grep zh\r\nzh_CN.gb18030\r\nzh_CN.gbk\r\nzh_CN.utf8\r\nroot@hotf:~# 如果有以上zh_CN字样输出，证明已经支持中文了\r\nroot@hotf:~# 如果没有任何输出，则需要重新安装中文语言包\r\n											</code></pre>\r\n\r\n											<li>安装必要的中文字体包：</li>\r\n											<pre><code>\r\nroot@hotf:~# 安装ttf-arphic-uming scim-tables-zh im-switch xfonts-intl-chinese  fonts-noto  ttf-wqy-microhei 中其中一个字体包就可					\r\nroot@hotf:~# apt-get install ttf-wqy-microhei\r\n											</code></pre>\r\n\r\n											<li>更新对应的locales文：</li>\r\n											<pre><code>\r\nroot@hotf:~# dpkg-reconfigure locales\r\nroot@hotf:~# 选择zh_CN.UTF-8安装\r\n											</code></pre>\r\n\r\n											<li>设置默认为中文UTF-8：</li>\r\n											<pre><code>\r\nroot@hotf:~# vim /etc/default/locale \r\n	###设置默认为中文UTF-8\r\n	LANG=\"zh_CN.UTF-8\"  \r\nroot@hotf:~# 保存退出     \r\n											</code></pre>\r\n\r\n											<li>修改时间时区：</li>\r\n											<pre><code>\r\nroot@hotf:~# dpkg-reconfigure tzdata \r\nroot@hotf:~# 首先选择区：Asia(亚洲)\r\nroot@hotf:~# 接着选择时地区：shanghai(上海)\r\nroot@hotf:~# date\r\n2016年 12月 15日 星期四 00:38:09 CST\r\nroot@hotf:~# 时间不对，同步时间\r\nroot@hotf:~# apt-get install ntpdate\r\nroot@hotf:~# ntpdate-debian\r\n15 Dec 16:42:10 ntpdate[5693]: step time server 210.23.25.77 offset 57601.167265 sec\r\nroot@hotf:~# date\r\n2016年 12月 15日 星期四 16:42:15 CST\r\nroot@hotf:~# 时间同步过来了\r\n\r\n											</code></pre>\r\n										</ol>\r\n									</blockquote>\r\n\r\n									<h5><br></h5>\r\n<h5>五、增加SWAP空間大小</h5>\r\n<li>增加ｓｗａｐ交換空間：</li>\r\n<ol>\r\n<pre><code>\r\nroot@elapse.date:~# mkdir /swap\r\nroot@elapse.date:~# cd /swap/\r\nroot@elapse.date:/swap# 下面這條命令中的count大小爲swap大小，這裏是6G\r\nroot@elapse.date:/swap# dd if=/dev/zero of=swapfile bs=1024 count=6144000\r\n记录了6144000+0 的读入\r\n记录了6144000+0 的写出\r\n6291456000 bytes (6.3 GB, 5.9 GiB) copied, 59.5233 s, 106 MB/s\r\nroot@elapse.date:/swap# 把生成的文件转换成 Swap 文件 \r\nroot@elapse.date:/swap# mkswap -f swapfile\r\nmkswap: swapfile：不安全的权限 0644，建议使用 0600。\r\n正在设置交换空间版本 1，大小 = 5.9 GiB (6291451904  个字节)\r\n无标签，UUID=fc65ef64-e5b2-46bb-a933-175e5f6dc6da\r\nroot@elapse.date:/swap# 激活 Swap 文件\r\nroot@elapse.date:/swap# swapon swapfile\r\nswapon: /swap/swapfile：不安全的权限 0644，建议使用 0600。\r\nroot@elapse.date:/swap# 查看下是否加到swqp空間裏了\r\nroot@elapse.date:/swap# free -m\r\n              total        used        free      shared  buff/cache   available\r\nMem:           3828        1143         177           2        2506        2438\r\nSwap:          5999           0        5999\r\nroot@elapse.date:/swap# 添加成功\r\nroot@elapse.date:/swap# 如要千載這個swap文件使用如下命令\r\nroot@elapse.date:/swap# swapoff swapfile\r\nroot@elapse.date:/swap#								</code></pre>\r\n</ol>\r\n<li>保持这个swap空間重啓後也能生效</li>\r\n<ol>\r\n<pre><code>\r\nroot@elapse.date:~# vim /etc/fstab\r\n＃添加如下行\r\n/swap/swapfile       /swap                swap       defaults              0 0\r\n \r\n</code></pre>\r\n</ol>\r\n<h5><code>\r\n\r\n<h5><code>六、安装必装软件</code></h5><code>\r\n										<ol>\r\n											<li>apt-get install vim rar unrar </li>\r\n											<li>apt-get install build-essential</li>\r\n											<li>apt-get install libtool cmake libncurses5-dev</li>\r\n										</ol>\r\n										<p>接下来安装自己所需要的服务就可，如LAMP,<a href=\"javascript:void(0)\">LNMP</a>,VPN等\r\n										</p><p>……</p></code></code></h5>                                                                                                                                                                                                                                                            '),(2,'                                								<h5>查看Linux下的硬盘：</h5>\r\n								<pre><span style=\"white-space: pre-wrap;\">root@Toka:~# fdisk -l\r\nDisk /dev/sda: 119.2 GiB, 128035676160 bytes, 250069680 sectors\r\nUnits: sectors of 1 * 512 = 512 bytes\r\nSector size (logical/physical): 512 bytes / 512 bytes\r\nI/O size (minimum/optimal): 512 bytes / 512 bytes\r\nDisklabel type: dos\r\nDisk identifier: 0x44e5be3f\r\n\r\n设备       启动     Start    末尾    扇区   Size Id 类型\r\n/dev/sda1  *         2048 230152191 230150144 109.8G 83 Linux\r\n/dev/sda2       230154238 250068991  19914754   9.5G  5 扩展\r\n/dev/sda5       230154240 250068991  19914752   9.5G 82 Linux 交换 / Solaris\r\n\r\n\r\nDisk /dev/sdb: 119.2 GiB, 128035676160 bytes, 250069680 sectors\r\nUnits: sectors of 1 * 512 = 512 bytes\r\nSector size (logical/physical): 512 bytes / 512 bytes\r\nI/O size (minimum/optimal): 512 bytes / 512 bytes\r\nDisklabel type: dos\r\nDisk identifier: 0x0bf0152e\r\n\r\n\r\nDisk /dev/sdc: 465.8 GiB, 500107862016 bytes, 976773168 sectors\r\nUnits: sectors of 1 * 512 = 512 bytes\r\nSector size (logical/physical): 512 bytes / 512 bytes\r\nI/O size (minimum/optimal): 512 bytes / 512 bytes\r\nDisklabel type: dos\r\nDisk identifier: 0xff56d139\r\n\r\n设备       启动 Start    末尾    扇区 Size Id 类型\r\n/dev/sdc1  *     2048 186650623 186648576  89G  7 HPFS/NTFS/exFAT\r\nroot@Toka:~# </span><br></pre>		\r\n								<p>这里可以看到有三块硬盘：Disk /dev/sda: 119.2 GiB，Disk /dev/sdb: 119.2 GiB，Disk /dev/sdc: 465.8 GiB,<br>其中&nbsp;/dev/sdb还没有分区，而&nbsp;/dev/sda这一块已分区成了三个区，/dev/sdc这一块只分了一个89G的区，还有465.8 - 89 GB未分区<br>\r\n							    而我们现在就是要先把sdb这一块硬盘分区并使用起来</p>\r\n                 <pre><code>\r\nroot@Toka:~# fdisk /dev/sdb\r\n\r\nWelcome to fdisk (util-linux 2.27.1).                                           欢迎使用 fdisk \r\nChanges will remain in memory only, until you decide to write them.             更改将停留在内存中，直到您决定将更改写入磁盘。\r\nBe careful before using the write command.                                      使用写入命令前请三思。\r\n\r\n命令(输入 m 获取帮助)：m\r\n\r\n帮助：\r\n\r\n  DOS (MBR)\r\n   a   toggle a bootable flag                                        开关 可启动 标志\r\n   b   edit nested BSD disklabel                                     编辑嵌套的 BSD 磁盘标签\r\n   c   toggle the dos compatibility flag                             开关 dos 兼容性标志\r\n\r\n  Generic                                                      常规\r\n   d   delete a partition                                            删除分区\r\n   l   list known partition types                                    列出已知分区类型\r\n   n   add a new partition                                           添加新分区\r\n   p   print the partition table                                     打印分区表\r\n   t   change a partition type                                       更改分区类型\r\n   v   verify the partition table                                    检查分区表\r\n\r\n  Misc                                                         杂项\r\n   m   print this menu                                               打印此菜单\r\n   u   change display/entry units                                    更改 显示/记录 单位\r\n   x   extra functionality (experts only)                            更多功能(仅限专业人员)\r\n\r\n  Save &amp; Exit                                                  保存并退出\r\n   w   write table to disk and exit                                  将分区表写入磁盘并退出\r\n   q   quit without saving changes                                   退出而不保存更改\r\n\r\n  Create a new label                                           新建空磁盘标签\r\n   g    create a new empty GPT partition table                       新建一份 GPT 分区表\r\n   G   create a new empty SGI (IRIX) partition table                 新建一份空 GPT (IRIX) 分区表\r\n   o   create a new empty DOS partition table                        新建一份的空 DOS 分区表\r\n   s   create a new empty Sun partition table                        新建一份空 Sun 分区表\r\n\r\n\r\n命令(输入 m 获取帮助)：n               #这里输入m可以查看命令，n不查看帮助命令\r\n分区类型\r\n   p   主分区 (1个主分区，0个扩展分区，3空闲)\r\n   e   扩展分区 (逻辑分区容器)\r\n选择 (默认 p)：p                         #回车直接建主分区\r\n分区号 (1-4，默认 1)： 1                 #输入1，建立第一分区\r\nFirst sector (2048-16777215, default 2048):             #直接回车\r\nLast sector, +sectors or +size{K,M,G,T,P} (2048-16777215, default 16777215):  \r\n                                        #这里注意直接回车将分所有容量，不然要输入大小\r\nCreated a new partition 1 of type \'Linux\' and of size 8 GiB.\r\n\r\n命令(输入 m 获取帮助)： w                # w为保存退出，q退出而不保存更改\r\nThe partition table has been altered.\r\nCalling ioctl() to re-read partition table.\r\nSyncing disks.                        \r\n\r\n							    </code></pre>	\r\n							    <p>到此分区完成，接下来挂载分区来使用！！！</p>\r\n							    <pre><code>\r\nroot@Toka:~# 再查看当前硬盘状态,看现的分区状况\r\nroot@Toka:~# fdisk -l\r\nDisk /dev/sda: 119.2 GiB, 128035676160 bytes, 250069680 sectors\r\nUnits: sectors of 1 * 512 = 512 bytes\r\nSector size (logical/physical): 512 bytes / 512 bytes\r\nI/O size (minimum/optimal): 512 bytes / 512 bytes\r\nDisklabel type: dos\r\nDisk identifier: 0x44e5be3f\r\n\r\n设备       启动     Start    末尾    扇区   Size Id 类型\r\n/dev/sda1  *         2048 230152191 230150144 109.8G 83 Linux\r\n/dev/sda2       230154238 250068991  19914754   9.5G  5 扩展\r\n/dev/sda5       230154240 250068991  19914752   9.5G 82 Linux 交换 / Solaris\r\n\r\n\r\nDisk /dev/sdb: 119.2 GiB, 128035676160 bytes, 250069680 sectors\r\nUnits: sectors of 1 * 512 = 512 bytes\r\nSector size (logical/physical): 512 bytes / 512 bytes\r\nI/O size (minimum/optimal): 512 bytes / 512 bytes\r\nDisklabel type: dos\r\nDisk identifier: 0x0bf0152e\r\n\r\n设备       启动 Start    末尾    扇区   Size Id 类型\r\n/dev/sdb1        2048 250069679 250067632 119.2G 83 Linux\r\n\r\n\r\nDisk /dev/sdc: 465.8 GiB, 500107862016 bytes, 976773168 sectors\r\nUnits: sectors of 1 * 512 = 512 bytes\r\nSector size (logical/physical): 512 bytes / 512 bytes\r\nI/O size (minimum/optimal): 512 bytes / 512 bytes\r\nDisklabel type: dos\r\nDisk identifier: 0xff56d139\r\n\r\n设备       启动 Start    末尾    扇区 Size Id 类型\r\n/dev/sdc1  *     2048 186650623 186648576  89G  7 HPFS/NTFS/exFAT\r\n\r\nroot@Toka:~# 在上面可以看到<span style=\"background-color: transparent; color: inherit; font-size: inherit;\">sdb</span><span style=\"background-color: transparent; color: inherit; font-size: inherit;\">直接分成了一个区了</span><span style=\"background-color: transparent; color: inherit; font-size: inherit;\">sdb1</span><span style=\"background-color: transparent; color: inherit; font-size: inherit;\"><br></span>						    	</code></pre>	\r\n						    	<p>接下来还要格式化刚才新建的分区(<span style=\"background-color: transparent; color: inherit; font-family: Menlo, Monaco, Consolas, \" courier=\"\" new\",=\"\" monospace;=\"\" font-size:=\"\" inherit;=\"\" white-space:=\"\" pre-wrap;\"=\"\">/dev/sdb1</span>)，并挂载好就可以使用了</p>\r\n						    	<pre><code>\r\nroot@Toka:~# 将/dev/sdb1格式化为ext4类型       \r\nroot@Toka:~# mkfs.ext4 /dev/sdb1 \r\nmke2fs 1.42.13 (17-May-2015)\r\n/dev/sdb1 contains a ntfs file system labelled \'68\'\r\n无论如何也要继续? (y,n) y\r\nDiscarding device blocks: 完成                            \r\nCreating filesystem with 31258454 4k blocks and 7815168 inodes\r\nFilesystem UUID: 3d7ecf8a-aeaf-4979-aeac-6cf40184714f\r\nSuperblock backups stored on blocks: \r\n        32768, 98304, 163840, 229376, 294912, 819200, 884736, 1605632, 2654208, \r\n        4096000, 7962624, 11239424, 20480000, 23887872\r\n\r\nAllocating group tables: 完成                            \r\n正在写入inode表: 完成                            \r\nCreating journal (32768 blocks): 完成\r\nWriting superblocks and filesystem accounting information: 完成   \r\n\r\nroot@Toka:~# 创建挂载目录(/data),并将/dev/sdb1挂载到/data\r\nroot@Toka:~# mkdir /data\r\nroot@Toka:~# mount /dev/sdb1 /data\r\nroot@Toka:~# 挂载好，查看下是否挂载成功\r\nroot@Toka:~# df -h\r\n文件系统        容量  已用  可用 已用% 挂载点\r\nudev            4.6G     0  4.6G    0% /dev\r\ntmpfs           950M  9.5M  940M    1% /run\r\n/dev/sda1       108G  4.0G   99G    4% /\r\ntmpfs           4.7G  204K  4.7G    1% /dev/shm\r\ntmpfs           5.0M  4.0K  5.0M    1% /run/lock\r\ntmpfs           4.7G     0  4.7G    0% /sys/fs/cgroup\r\ntmpfs           950M   44K  950M    1% /run/user/1000\r\ntmpfs           950M  8.0K  950M    1% /run/user/108\r\ntmpfs           950M     0  950M    0% /run/user/0\r\n/dev/sdb1       118G   60M  112G    1% /data                        #i注意是否有这行\r\nroot@Toka:~# 上面可以看到已经成功挂载，现在就可以使用了！！！\r\n						    	</code></pre>\r\n						    	<p>一般来说经过上面的步骤，已经可以正常使用新的硬盘了！  <br>\r\n						    	但是如果哪一天你不小心重启了你的服务器，那么就会发现在/data里面并没有数据!!!  <br>\r\n						        别慌,这只是因为重启后，系统没有自动挂载/dev/sdb这一块硬盘的原因，所以还要设置开机自动挂载！！！</p>\r\n						        <pre><code>     \r\nroot@Toka:~# vim /etc/fstab\r\n  # /etc/fstab: static file system information.\r\n  #\r\n  # Use \'blkid\' to print the universally unique identifier for a\r\n  # device; this may be used with UUID= as a more robust way to name devices\r\n  # that works even if disks are added and removed. See fstab(5).\r\n  #\r\n  # <file system=\"\"> <mount point=\"\">   <type>  <options>       <dump>  <pass>\r\n  # / was on /dev/vda1 during installation\r\n  UUID=fa712cf1-bdc1-4c06-a3ec-dafa0d38429b /               ext4    errors=remount-ro 0\r\n           1\r\n  # swap was on /dev/vda5 during installation\r\n  UUID=8634a363-7476-405c-bec3-23d87c7b49d6 none            swap    sw              0  \r\n         0\r\n  /dev/sr0        /media/cdrom0   udf,iso9660 user,noauto     0       0\r\n  # 下而这一行就是我们添加的自动挂载/dev/sdb1\r\n  /dev/sdb1       /data           ext4   defaults   0   0\r\nroot@Toka:~# 保存退出，这样就配置好了开机自动挂载硬盘了！！！\r\n						    	</pass></dump></options></type></mount></file></code></pre>\r\n						    	<p>是不是感觉技术派的Linux派特别给力呢？！！！</p>                            \r\n<p>记录一次4T硬盘分区(用gpt分区类型,不再用mbr,因为mbr只能最大支持单个分区为2TB)</p>\r\n<pre><code>\r\nroot@elapse-PC:/home/elapse# parted /dev/sda\r\nGNU Parted 3.3\r\n使用 /dev/sda\r\n欢迎使用 GNU Parted！输入 \'help\' 来查看命令列表。\r\n(parted) p                                                                \r\n型号：ATA WDC WD40EJRX-89A (scsi)\r\n磁盘 /dev/sda: 4001GB\r\n扇区大小 (逻辑/物理)：512B/4096B\r\n分区表：gpt\r\n磁盘标志：\r\n\r\n编号  起始点  结束点  大小    文件系统  名称     标志\r\n 1    1049kB  4001GB  4001GB            primary\r\n\r\n(parted) help                                                             \r\n  align-check TYPE N                       check partition N for TYPE(min|opt) alignment\r\n  help [COMMAND]                           打印通用求助信息，或 COMMAND 的帮助\r\n  mklabel,mktable LABEL-TYPE               创建新的磁盘卷标 (分区表)\r\n  mkpart 分区类型 [文件系统类型] 起始点 结束点 创建一个分区\r\n  name 编号 名称                           将指定“编号”的分区命名为“名称”\r\n  print [devices|free|list,all|数字]        显示分区表、可用设备、剩余空间、所有分区或特殊分区\r\n  quit                                     退出程序\r\n  rescue 起始点 终止点                      挽救临近“起始点”、“终止点”的遗失的分区\r\n  resizepart NUMBER END                    改变 NUMBER 的大小\r\n  rm NUMBER                                删除编号为 NUMBER 的分区\r\n  select 设备                              选择要编辑的设备\r\n  disk_set 旗标 状态                       变更已选设备上的旗标\r\n  disk_toggle [旗标]                       切换已选设备上的旗标状态\r\n  set 编号 旗标 状态                       改变指定“编号”分区的旗标\r\n  toggle [编号 [旗标]]                     切换“编号”分区上的“旗标”状态\r\n  unit 单位                                设置缺省的“单位”\r\n  version                                  显示目前 GNU Parted 的版本与版权信息\r\n(parted) p                                                                \r\n型号：ATA WDC WD40EJRX-89A (scsi)\r\n磁盘 /dev/sda: 4001GB\r\n扇区大小 (逻辑/物理)：512B/4096B\r\n分区表：gpt\r\n磁盘标志：\r\n\r\n编号  起始点  结束点  大小    文件系统  名称     标志\r\n 1    1049kB  4001GB  4001GB            primary\r\n\r\n(parted) mklabel gpt\r\n警告: 现有 /dev/sda 上的磁盘卷标将被销毁，而所有在这个磁盘上的数据将会丢失。您要继续吗？\r\n是/Yes/否/No? Yes\r\n(parted) p                                                                \r\n型号：ATA WDC WD40EJRX-89A (scsi)\r\n磁盘 /dev/sda: 4001GB\r\n扇区大小 (逻辑/物理)：512B/4096B\r\n分区表：gpt\r\n磁盘标志：\r\n\r\n编号  起始点  结束点  大小  文件系统  名称  标志\r\n\r\n(parted) mkpart \r\n分区名称？  []? luck                                                      \r\n文件系统类型？  [ext2]? ext4                                              \r\n起始点？ 0%                                                               \r\n结束点？ 100%                                                             \r\n(parted) p                                                                \r\n型号：ATA WDC WD40EJRX-89A (scsi)\r\n磁盘 /dev/sda: 4001GB\r\n扇区大小 (逻辑/物理)：512B/4096B\r\n分区表：gpt\r\n磁盘标志：\r\n\r\n编号  起始点  结束点  大小    文件系统  名称  标志\r\n 1    1049kB  4001GB  4001GB  ext4      luck\r\n\r\n(parted) quit                                                             \r\n信息: 你可能需要 /etc/fstab。\r\n\r\nroot@elapse-PC:/home/elapse# fdisk -l                              \r\nDisk /dev/sda：3.65 TiB，4000787030016 字节，7814037168 个扇区\r\nDisk model: WDC WD40EJRX-89A\r\n单元：扇区 / 1 * 512 = 512 字节\r\n扇区大小(逻辑/物理)：512 字节 / 4096 字节\r\nI/O 大小(最小/最佳)：4096 字节 / 4096 字节\r\n磁盘标签类型：gpt\r\n磁盘标识符：494FB406-4C3D-4AC1-8D62-F949B6718098\r\n\r\n设备        起点       末尾       扇区  大小 类型\r\n/dev/sda1   2048 7814035455 7814033408  3.7T Linux 文件系统\r\n\r\n\r\nDisk /dev/sdc：931.53 GiB，1000204886016 字节，1953525168 个扇区\r\nDisk model: TOSHIBA HDWD110 \r\n单元：扇区 / 1 * 512 = 512 字节\r\n扇区大小(逻辑/物理)：512 字节 / 4096 字节\r\nI/O 大小(最小/最佳)：4096 字节 / 4096 字节\r\n磁盘标签类型：dos\r\n磁盘标识符：0xcbe496c9\r\n\r\n设备       启动       起点       末尾       扇区   大小 Id 类型\r\n/dev/sdc1  *          2048  243273727  243271680   116G  7 HPFS/NTFS/exFAT\r\n/dev/sdc2        578820096 1585455103 1006635008   480G  7 HPFS/NTFS/exFAT\r\n/dev/sdc3       1585455104 1953523711  368068608 175.5G  f W95 扩展 (LBA)\r\n/dev/sdc5       1585457152 1953523711  368066560 175.5G  7 HPFS/NTFS/exFAT\r\n\r\n\r\nDisk /dev/sdb：119.25 GiB，128035676160 字节，250069680 个扇区\r\nDisk model: TOSHIBA THNSNJ12\r\n单元：扇区 / 1 * 512 = 512 字节\r\n扇区大小(逻辑/物理)：512 字节 / 512 字节\r\nI/O 大小(最小/最佳)：512 字节 / 512 字节\r\n磁盘标签类型：gpt\r\n磁盘标识符：519C49BC-E3D7-4059-889C-EFC9B64DA55C\r\n\r\n设备          起点      末尾      扇区   大小 类型\r\n/dev/sdb1     2048   1050623   1048576   512M EFI 系统\r\n/dev/sdb2  1050624 250068991 249018368 118.8G Linux 文件系统\r\nroot@elapse-PC:/home/elapse# df -h\r\n文件系统        容量  已用  可用 已用% 挂载点\r\nudev             12G     0   12G    0% /dev\r\ntmpfs           2.3G  1.6M  2.3G    1% /run\r\n/dev/sdb2       117G  105G  5.6G   95% /\r\ntmpfs            12G  372M   11G    4% /dev/shm\r\ntmpfs           5.0M  4.0K  5.0M    1% /run/lock\r\ntmpfs            12G     0   12G    0% /sys/fs/cgroup\r\n/dev/sdb1       511M  212M  300M   42% /boot/efi\r\n/dev/sdc5       176G  173G  3.5G   99% /media/elapse/尾部\r\n/dev/sdc2       481G  469G   12G   98% /media/elapse/幸运星\r\ntmpfs           2.3G   28K  2.3G    1% /run/user/1000\r\nroot@elapse-PC:/home/elapse# mkfs.ext\r\nmkfs.ext2  mkfs.ext3  mkfs.ext4  \r\nroot@elapse-PC:/home/elapse# mkfs.ext4 /dev/sda1\r\nmke2fs 1.45.5 (07-Jan-2020)\r\n创建含有 976754176 个块（每块 4k）和 244195328 个inode的文件系统\r\n文件系统UUID：37f2860b-5e55-45b8-b3c7-ab8f72cabeb6\r\n超级块的备份存储于下列块： \r\n	32768, 98304, 163840, 229376, 294912, 819200, 884736, 1605632, 2654208, \r\n	4096000, 7962624, 11239424, 20480000, 23887872, 71663616, 78675968, \r\n	102400000, 214990848, 512000000, 550731776, 644972544\r\n\r\n正在分配组表： 完成                            \r\n正在写入inode表： 完成                            \r\n创建日志（262144 个块） 完成\r\n写入超级块和文件系统账户统计信息： 已完成     \r\n\r\nroot@elapse-PC:/home/elapse# fdisk -l\r\nDisk /dev/sda：3.65 TiB，4000787030016 字节，7814037168 个扇区\r\nDisk model: WDC WD40EJRX-89A\r\n单元：扇区 / 1 * 512 = 512 字节\r\n扇区大小(逻辑/物理)：512 字节 / 4096 字节\r\nI/O 大小(最小/最佳)：4096 字节 / 4096 字节\r\n磁盘标签类型：gpt\r\n磁盘标识符：494FB406-4C3D-4AC1-8D62-F949B6718098\r\n\r\n设备        起点       末尾       扇区  大小 类型\r\n/dev/sda1   2048 7814035455 7814033408  3.7T Linux 文件系统\r\n\r\n\r\nDisk /dev/sdc：931.53 GiB，1000204886016 字节，1953525168 个扇区\r\nDisk model: TOSHIBA HDWD110 \r\n单元：扇区 / 1 * 512 = 512 字节\r\n扇区大小(逻辑/物理)：512 字节 / 4096 字节\r\nI/O 大小(最小/最佳)：4096 字节 / 4096 字节\r\n磁盘标签类型：dos\r\n磁盘标识符：0xcbe496c9\r\n\r\n设备       启动       起点       末尾       扇区   大小 Id 类型\r\n/dev/sdc1  *          2048  243273727  243271680   116G  7 HPFS/NTFS/exFAT\r\n/dev/sdc2        578820096 1585455103 1006635008   480G  7 HPFS/NTFS/exFAT\r\n/dev/sdc3       1585455104 1953523711  368068608 175.5G  f W95 扩展 (LBA)\r\n/dev/sdc5       1585457152 1953523711  368066560 175.5G  7 HPFS/NTFS/exFAT\r\n\r\n\r\nDisk /dev/sdb：119.25 GiB，128035676160 字节，250069680 个扇区\r\nDisk model: TOSHIBA THNSNJ12\r\n单元：扇区 / 1 * 512 = 512 字节\r\n扇区大小(逻辑/物理)：512 字节 / 512 字节\r\nI/O 大小(最小/最佳)：512 字节 / 512 字节\r\n磁盘标签类型：gpt\r\n磁盘标识符：519C49BC-E3D7-4059-889C-EFC9B64DA55C\r\n\r\n设备          起点      末尾      扇区   大小 类型\r\n/dev/sdb1     2048   1050623   1048576   512M EFI 系统\r\n/dev/sdb2  1050624 250068991 249018368 118.8G Linux 文件系统\r\nroot@elapse-PC:/home/elapse# \r\n\r\n</code></pre>'),(3,'<p>安装工具</p>\r\n<pre><code>\r\nroot@Toka:~# apt-get install libncurses5-dev\r\nroot@Toka:~# Redhat和其他Linux版本对应的是ncurses-devel,这里安装的母鸡是Debian\r\n</code></pre>\r\n<p>再安装cmake</p>	\r\n<pre><code>	\r\nroot@Toka:~# wget https://cmake.org/files/v3.7/cmake-3.7.2.tar.gz\r\nroot@Toka:~# tar -zxvf cmake-3.7.0.tar.gz\r\nroot@Toka:~# cd cmake-3.7.0\r\nroot@Toka:~# ./bootstrap\r\nroot@Toka:~# make\r\nroot@Toka:~# make install \r\n</code></pre>\r\n<p>下载MariaDB：<a href=\"https://mirrors.tuna.tsinghua.edu.cn/mariadb//mariadb-10.1.19/source/mariadb-10.1.19.tar.gz\" target=\"_blank\">mariadb-10.1.19.tar.gz</a> 或 <a href=\"https://downloads.mariadb.org/interstitial/mariadb-10.1.20/bintar-linux-glibc_214-x86_64/mariadb-10.1.20-linux-glibc_214-x86_64.tar.gz\" target=\"_blank\">mariadb-10.1.20-linux-glibc_214-x86_64.tar.gz</a>这里以mariadb-10.1.19.tar.gz为示例安装</p>\r\n\r\n<pre><code>	\r\nroot@Toka:~# wget https://mirrors.tuna.tsinghua.edu.cn/mariadb//mariadb-10.1.19/source/mariadb-10.1.19.tar.gz\r\nroot@Toka:~# tar -zxvf mariadb-10.1.19.tar.gz\r\nroot@Toka:~# cd mariadb-10.1.19 \r\nroot@Toka:~# cmake \\\r\n-DCMAKE_INSTALL_PREFIX=/usr/local/mysql \\\r\n-DSYSCONFDIR=/etc/mysql \\\r\n-DMYSQL_USER=mysql \\\r\n-DWITH_MYISAM_STORAGE_ENGINE=1 \\\r\n-DWITH_INNOBASE_STORAGE_ENGINE=1 \\\r\n-DWITH_ARCHIVE_STORAGE_ENGINE=1 \\\r\n-DWITH_MEMORY_STORAGE_ENGINE=1 \\\r\n-DWITH_READLINE=1 \\\r\n-DMYSQL_UNIX_ADDR=/var/run/mysqld/mysqld.sock \\\r\n-DMYSQL_TCP_PORT=3306 \\\r\n-DENABLED_LOCAL_INFILE=1 \\\r\n-DENABLE_DOWNLOADS=1 \\\r\n-DWITH_PARTITION_STORAGE_ENGINE=1 \\\r\n-DEXTRA_CHARSETS=all \\\r\n-DDEFAULT_CHARSET=utf8 \\\r\n-DDEFAULT_COLLATION=utf8_general_ci \\\r\n-DWITH_DEBUG=0 \\\r\n-DMYSQL_MAINTAINER_MODE=0 \\\r\n-DWITH_SSL:STRING=bundled \\\r\n-DWITH_ZLIB:STRING=bundled \\\r\n-DWITHOUT_MROONGA_STORAGE_ENGINE=1\r\n\r\n出错：\r\n/usr/bin/ld: cannot find -lz\r\ncollect2: error: ld returned 1 exit status\r\nstorage/tokudb/PerconaFT/ft/CMakeFiles/ft.dir/build.make:1382: recipe for target \'storage/tokudb/PerconaFT/ft/libft.so\' failed\r\nmake[2]: *** [storage/tokudb/PerconaFT/ft/libft.so] Error 1\r\n-DWITH_ZLIB=/usr/local/src/zlib-1.2.8\r\n\r\nroot@Toka:~# 按上面错误提示可知缺少zlib1g，安zlib1g-dev解决\r\nroot@Toka:~# apt-get install zlib1g-dev\r\n\r\nroot@Toka:~# 重新再次安装\r\n\r\nroot@Toka:~# cmake \\\r\n-DCMAKE_INSTALL_PREFIX=/usr/local/mysql \\\r\n-DSYSCONFDIR=/etc/mysql \\\r\n-DMYSQL_USER=mysql \\\r\n-DWITH_MYISAM_STORAGE_ENGINE=1 \\\r\n-DWITH_INNOBASE_STORAGE_ENGINE=1 \\\r\n-DWITH_ARCHIVE_STORAGE_ENGINE=1 \\\r\n-DWITH_MEMORY_STORAGE_ENGINE=1 \\\r\n-DWITH_READLINE=1 \\\r\n-DMYSQL_UNIX_ADDR=/var/run/mysqld/mysqld.sock \\\r\n-DMYSQL_TCP_PORT=3306 \\\r\n-DENABLED_LOCAL_INFILE=1 \\\r\n-DENABLE_DOWNLOADS=1 \\\r\n-DWITH_PARTITION_STORAGE_ENGINE=1 \\\r\n-DEXTRA_CHARSETS=all \\\r\n-DDEFAULT_CHARSET=utf8 \\\r\n-DDEFAULT_COLLATION=utf8_general_ci \\\r\n-DWITH_DEBUG=0 \\\r\n-DMYSQL_MAINTAINER_MODE=0 \\\r\n-DWITH_SSL:STRING=bundled \\\r\n-DWITH_ZLIB:STRING=bundled \\\r\n-DWITHOUT_MROONGA_STORAGE_ENGINE=1\r\n\r\n警告：Warning: Bison executable not found in PATH\r\nroot@Toka:~# apt-get install bison \r\nroot@Toka:~# 解决后，重新再次安装\r\n\r\nroot@Toka:~# cmake \\\r\n-DCMAKE_INSTALL_PREFIX=/usr/local/mysql \\\r\n-DSYSCONFDIR=/etc/mysql \\\r\n-DMYSQL_USER=mysql \\\r\n-DWITH_MYISAM_STORAGE_ENGINE=1 \\\r\n-DWITH_INNOBASE_STORAGE_ENGINE=1 \\\r\n-DWITH_ARCHIVE_STORAGE_ENGINE=1 \\\r\n-DWITH_MEMORY_STORAGE_ENGINE=1 \\\r\n-DWITH_READLINE=1 \\\r\n-DMYSQL_UNIX_ADDR=/var/run/mysqld/mysqld.sock \\\r\n-DMYSQL_TCP_PORT=3306 \\\r\n-DENABLED_LOCAL_INFILE=1 \\\r\n-DENABLE_DOWNLOADS=1 \\\r\n-DWITH_PARTITION_STORAGE_ENGINE=1 \\\r\n-DEXTRA_CHARSETS=all \\\r\n-DDEFAULT_CHARSET=utf8 \\\r\n-DDEFAULT_COLLATION=utf8_general_ci \\\r\n-DWITH_DEBUG=0 \\\r\n-DMYSQL_MAINTAINER_MODE=0 \\\r\n-DWITH_SSL:STRING=bundled \\\r\n-DWITH_ZLIB:STRING=bundled \\\r\n-DWITHOUT_MROONGA_STORAGE_ENGINE=1\r\n\r\n这下完好，不警告：\r\n-- Configuring done\r\n-- Generating done\r\n-- Build files have been written to: /usr/local/src/mariadb-10.1.19\r\n可以放心进行下一步安装了！！\r\n\r\nroot@Toka:~# make\r\n[100%] Built target my_safe_process\r\nroot@Toka:~# 没报错，继续\r\nroot@Toka:~# make install\r\n</code></pre>\r\n<p>经过以上安装大功告成！！！<br>\r\n不过还要添加mysql环境变量，不然每次打mysql命令时都要打绝对路径才能生效。</p>\r\n<pre><code>	\r\nroot@Toka:~#  echo -e \'\\n export PATH=$PATH:/usr/local/mysql/bin \\n\' &gt;&gt; ~/.bashrc &amp;&amp; source ~/.bashrc\r\n</code></pre>\r\n<p>接下来创建mysql用户和组</p>\r\n<pre><code>	\r\nroot@Toka:~#  groupadd mysql\r\nroot@Toka:~#  useradd -r -g mysql -s /bin/false mysql\r\n</code></pre>\r\n<p>接下来简单配置一下，才可以用</p>\r\n<pre><code>	\r\nroot@Toka:~#  chown -R mysql:mysql /usr/local/mysql/data\r\nroot@Toka:~#  mkdir /var/run/mysqld\r\nroot@Toka:~#  chown -R mysql:mysql /var/run/mysqld/\r\nroot@Toka:~#  cd /usr/local/mysql\r\nroot@Toka:~#  mkdir /etc/mysql\r\nroot@Toka:~#  cp support-files/my-small.cnf /etc/mysql/my.cnf\r\nroot@Toka:~#  修改配置文件：\r\nroot@Toka:~#  vim /etc/mysql/my.cnf\r\n# 在[client]下添加以下行\r\ndefault-character-set = utf8\r\n# 在[mysqld]下添加以下行\r\ncharacter-set-server = utf8\r\nroot@Toka:~# 初始化数据库\r\nroot@Toka:~# scripts/mysql_install_db --user=mysql\r\nroot@Toka:~# 先启动mysql\r\nroot@Toka:~# /usr/local/mysql/support-files/mysql.server start\r\nroot@Toka:~# 再执行修改密码：\r\nroot@Toka:~# /usr/local/mysql/bin/mysql_secure_installation\r\n提示：Enter current password for root (enter for none):  \r\n直接回车，因为我们刚安装还没有密码\r\n提示：Set root password? [Y/n]\r\n输入：y\r\n提示：New password:\r\n输入新密码\r\n提示：Re-enter new password:\r\n重新输入刚才的密码\r\n提示：Remove anonymous users? [Y/n]\r\n输入：y\r\n提示：Disallow root login remotely? [Y/n]\r\n输入：n\r\n提示：Remove test database and access to it? [Y/n]\r\n输入：y\r\n提示：Reload privilege tables now? [Y/n]\r\n输入：y\r\nAll done!  If you\'ve completed all of the above steps, your MariaDB installation should now be secure.\r\nThanks for using MariaDB!\r\n\r\nroot@Toka:~# 再执行如下修改root用户可远程登录\r\nroot@Toka:~# mysql -h localhost -u root -p\r\nmysql -h localhost -u root -p\r\nMariaDB [(none)]&gt; use mysql\r\nMariaDB [mysql]&gt; update user set host=\'%\' where user=\'root\' and host=\'localhost\';\r\nMariaDB [mysql]&gt; select host from user where user=\'root\';\r\n+-----------+\r\n| host      |\r\n+-----------+\r\n| %         |\r\n| 127.0.0.1 |\r\n| ::1       |\r\n| debian    |\r\n+-----------+\r\n4 rows in set (0.00 sec)\r\nMariaDB [(none)]&gt; FLUSH PRIVILEGES;\r\nMariaDB [(none)]&gt; exit;\r\n\r\nroot@Toka:~# 至此数据库安装完成!!\r\n</code></pre>\r\n<p>安装MariaDB到此全部完成</p>\r\n<p>日常重启控制命令： <br>\r\n        启动：/usr/local/mysql/support-files/mysql.server start    <br>\r\n        停止：/usr/local/mysql/support-files/mysql.server stop   <br>\r\n        重启：/usr/local/mysql/support-files/mysql.server restart    <br>\r\n</p>\r\n<p>\r\nMariaDB官网：<a href=\"https://downloads.mariadb.org/ \" target=\"_blank\">https://downloads.mariadb.org/ </a>    <br>\r\n参考：<br>&nbsp; &nbsp; &nbsp; &nbsp; <a href=\"https://mariadb.com/kb/zh-cn/installing-mariadb-binary-tarballs/ \" target=\"_blank\">https://mariadb.com/kb/zh-cn/installing-mariadb-binary-tarballs/ </a>    <br>&nbsp; &nbsp; &nbsp; &nbsp;<a href=\" http://opso.coding.me/2016/03/29/mariadb-install/ \" target=\"_blank\"> http://opso.coding.me/2016/03/29/mariadb-install/ </a>     <br>&nbsp; &nbsp; &nbsp; &nbsp;<a href=\" http://cloudline.iteye.com/blog/867772 \" target=\"_blank\"> http://cloudline.iteye.com/blog/867772 </a>                <br>\r\n</p>\r\n<pre><code>	\r\n=====================================================================================\r\n MySql主从配置：\r\n=====================================================================================\r\n  1.1、版本一致\r\n  ##1.2、初始化表，并在后台启动mysql\r\n  ##1.3、修改root的密码\r\n-------------------------------------------------------------------------------------\r\n修改主服务器master:\r\nvim /usr/local/mysql/my.cnf\r\n #服务器唯一ID，默认是1，一般取IP最后一段\r\n server-id=154\r\n\r\n #启用二进进制日志\r\n log-bin=mysql-bin\r\n # binlog-do-db = testdb   #只记录testdb库变化,多个库用‘,’分隔\r\n # binlog-ignore-db=mysql  #忽略mysql库变化，多个库用‘,’分隔\r\n # expire_logs_days =7     #binlog日志只保留7天内的数据\r\n-------------------------------------------------------------------------------------\r\n\r\n修改从服务器slave:\r\nvim /usr/local/mysql/my.cnf\r\n #服务器唯一ID，默认是1，一般取IP最后一段\r\n server-id=135\r\n #启用二进进制日志\r\n log-bin=mysql-bin\r\n #log-slave-updates                      #级联复制(A-&gt;B-&gt;C)\r\n # expire_logs_days =7                   #binlog日志只保留7天内的数据\r\n # replicate-ignore-db=mysql           #不同步mysql库，多个库用‘,’分隔\r\n # replicate-do-db = testdb            #只同步testdb库，多个库用‘,’分隔\r\n # replicate-do-table = test_tb        #只同步test_tb表，多个表用‘,’分隔\r\n # replicate-ignore-table = test_tb    #不同步test_tb表，多个表用‘,’分隔\r\n # replicate-wild-do-table = test_tb   #同表，可以加通配符（replicate-wild-do-table=db_name.%） 只复制哪个库的哪个表\r\n # replicate-wild-ignore-table = test  #不同步的表，通配符来规则范围（replicate-wild-ignore-table=mysql.%）忽略哪个库的哪个表\r\n\r\n重启两台服务器的mysql\r\n/usr/local/mysql/support-files/mysql.server restart\r\n--------------------------------------------------------------------------------------\r\n在主服务器上建立帐户并授权slave:\r\n   #/usr/local/mysql/bin/mysql -uroot -p\r\n   mysql&gt; GRANT REPLICATION SLAVE ON *.* to \'mysync\'@\'%\' identified by \'syncpasswd\'; \r\n    ##一般不用root帐号，“%”表示所有客户端都可能连，只要帐号，密码正确，此处可用具体客户端IP代替，如192.168.145.226，加强安全。\r\n　 mysql&gt; FLUSH PRIVILEGES;\r\n登录主服务器的mysql，查询master的状态      \r\n\r\nmysql&gt; show master status;          ###记住记住下面这两个值，从服务器中要用到\r\n+------------------+----------+--------------+------------------+-------------------+\r\n| File             | Position | Binlog_Do_DB | Binlog_Ignore_DB | Executed_Gtid_Set |\r\n+------------------+----------+--------------+------------------+-------------------+\r\n| mysql-bin.000002 |      607 |              |                  |                   |\r\n+------------------+----------+--------------+------------------+-------------------+\r\n1 row in set (0.00 sec)\r\n注：执行完此步骤后不要再操作主服务器MYSQL，防止主服务器状态值变化\r\n\r\n-----------------------------------------------------------------------------------------------\r\n配置从服务器Slave：\r\nmysql&gt; change master to master_host=\'218.16.120.154\',\r\nmaster_user=\'mysync\',\r\nmaster_password=\'syncpasswdcmb7d\',\r\nmaster_log_file=\'mysql-bin.000002\',\r\nmaster_log_pos=607;\r\nmysql&gt; start slave;                              ##这里是开户从服务(停止为:stop slave)\r\nmysql&gt; show slave status\\G;                      \r\n              Master_Log_File: mysql-bin.000002\r\n          Read_Master_Log_Pos: 607\r\n               Relay_Log_File: debian-relay-bin.000002\r\n                Relay_Log_Pos: 770\r\n        Relay_Master_Log_File: mysql-bin.000002\r\n             Slave_IO_Running: Yes               ###这个必须为YES\r\n            Slave_SQL_Running: Yes               ###这个必须为YES\r\n\r\n-----------------------------------------------------------------------------------------------\r\n如果从服务器配置出错，可以先重围（ reset slave;）再配置就可以了！\r\n到此就主从MySql就配置完成了，可以测试了。\r\n注：MySql每次重启都要重新配置主从同步哦!!\r\n</code></pre>\r\n'),(4,'<p>安装工具cmake</p>\r\n<pre><code>\r\nroot@Toka:~# \r\nroot@Toka:~# wget https://cmake.org/files/v3.7/cmake-3.7.2.tar.gz\r\nroot@Toka:~# tar -zxvf cmake-3.7.0.tar.gz\r\nroot@Toka:~# cd cmake-3.7.0\r\nroot@Toka:~# ./bootstrap\r\nroot@Toka:~# make\r\nroot@Toka:~# make install \r\nroot@Toka:~# #或者直接在线安装cmake\r\nroot@Toka:~# apt-get install cmake\r\n</code></pre>\r\n<p>下载mysql：<a href=\"http://dev.mysql.com/get/Downloads/MySQL-5.7/mysql-5.7.4-m14.tar.gz\" target=\"_blank\">mysql-5.7.4-m14.tar.gz</a>、<a href=\"http://dev.mysql.com/get/Downloads/MySQL-8.0/mysql-8.0.0-dmr.tar.gz\" target=\"_blank\">mysql-8.0.0-dmr.tar.gz</a>、<a href=\"http://dev.mysql.com/get/Downloads/MySQL-5.7/mysql-5.7.15.tar.gz\" target=\"_blank\">mysql-5.7.15.tar.gz</a></p>	\r\n<pre><code>\r\nroot@Toka:~# wget http://dev.mysql.com/get/Downloads/MySQL-5.7/mysql-5.7.15.tar.gz\r\nroot@Toka:~# tar -zxvf mysql-5.7.15.tar.gz\r\nroot@Toka:~# cd mysql-5.7.15\r\nroot@Toka:~# 下面这条命令中的“.”表示当前目录，不能漏了！！！\r\nroot@Toka:~# cmake .      \r\nCMake Error at cmake/readline.cmake:64 (MESSAGE):\r\n  Curses library not found.  Please install appropriate package,\r\n\r\n      remove CMakeCache.txt and rerun cmake.On Debian/Ubuntu, package name is libncurses5-dev, on Redhat and derivates it is ncurses-devel.\r\nCall Stack (most recent call first):\r\n  cmake/readline.cmake:107 (FIND_CURSES)\r\n  cmake/readline.cmake:181 (MYSQL_USE_BUNDLED_EDITLINE)\r\n  CMakeLists.txt:467 (MYSQL_CHECK_EDITLINE)\r\n\r\n-- Configuring incomplete, errors occurred!\r\n\r\nroot@Toka:~# 上面报错主要提示缺少libncurses5-dev，所以下面安装缺少的libncurses5-dev\r\nroot@Toka:~# apt-get install libncurses5-dev\r\nroot@Toka:~# 重新cmake\r\nroot@Toka:~# cmake .   \r\nConfiguring done\r\nGenerating done\r\nroot@Toka:~# 成功了，继续下面的安装\r\nroot@Toka:~# make\r\nroot@Toka:~# make install \r\n</code></pre>\r\n<p>至此安装完成，但还要做一定的配置就可以使用mysql了</p>\r\n<pre><code>\r\nroot@Toka:~# 创建mysql专属的用户名和组名\r\nroot@Toka:~# groupadd mysql\r\nroot@Toka:~# useradd -r -g mysql mysql\r\nroot@Toka:~# cd /usr/local/mysql\r\nroot@Toka:~# chown -R mysql .\r\nroot@Toka:~# chgrp -R mysql .\r\nroot@Toka:~# scripts/mysql_install_db --user=mysql\r\nroot@Toka:~# chown -R root . \r\nroot@Toka:~# chown -R mysql data\r\n</code></pre>\r\n<p>以下为mysql 5.7版本才需要</p>\r\n<pre><code>\r\nroot@Toka:~#  vim my.cnf\r\n#加入如下行，这样就可以不用密码登录了\r\nskip-grant-tables\r\n#保存退出\r\nroot@Toka:~# 启动mysql\r\nroot@Toka:~# support-files/mysql.server start \r\nroot@Toka:~# bin/mysql -h localhost -u root\r\nmysql&gt; use mysql;\r\nmysql&gt; update user set password=password(\'123456\') where user=\'root\';\r\nmysql&gt; flush privileges;\r\nmysql&gt; exit;\r\nroot@Toka:~# vim my.cnf\r\n#再注销刚才这一行\r\n#skip-grant-tables\r\n#保存退出\r\nroot@Toka:~# support-files/mysql.server restart \r\nroot@Toka:~# bin/mysql -h localhost -u root -p123456\r\nmysql&gt; SET PASSWORD=PASSWORD(\'新的密码\');\r\nmysql&gt; exit;\r\nroot@Toka:~# 至此mysql密码修改完成\r\n</code></pre>\r\n<p>\r\n重新启动mysql:<br>\r\n/usr/local/mysql/support-files/mysql.server restart </p>\r\n<pre><code>\r\nroot@Toka:~# 覆盖系统默认的mysql 低版本的服务，可以讲如下脚本拷入系统启动目录。\r\nroot@Toka:~# cp /usr/local/mysql/support-files/mysql.server /etc/init.d/mysql.server\r\nroot@Toka:~# 到此安装完成\r\n</code></pre>\r\n<p>大功告成！！！！</p>\r\n<p>非本机用户还不能登录而出现ERROR 1130的话,要改mysql数据库里的user表<br>如下</p>\r\n<pre><code>\r\nroot@Toka:~# mysql -h localhost -u root\r\nMysql&gt;  use mysql;\r\nMysql&gt;  update mysql.user set host=\'%\' where user=\'root\' and host=\'localhost\';\r\nMysql&gt;  UPDATE `mysql`.`user` SET `password` = PASSWORD( \'kaQWkd,.23Ks\' ) WHERE `user`.`Host` = CAST( 0x25 AS BINARY ) AND `user`.`User` = CAST( 0x726f6f74 AS BINARY ) ;\r\nMysql&gt;  exit;\r\nroot@Toka:~# /usr/local/mysql/support-files/mysql.server restart \r\n</code></pre>'),(5,'<p>VPN的种类有：L2TP、PPTP等 <br>\r\n如标题，本文主要讲L2TP这一类的VPN服务器搭建 <br>\r\n那么现在开始吧！！！\r\n</p>\r\n<ol>\r\n   <li>安装openswan，配置IPSEC</li>\r\n   <pre><code>\r\nroot@Toka:~# 旧版本的Debian可以直接在线安装\r\nroot@Toka:~# apt-get install openswan\r\nroot@Toka:~# 新版本的Debian软件源包里已经不包含openswan了，所以只以源码编译安装！！\r\nroot@Toka:~# 安装openswan必需库\r\nroot@Toka:~# apt-get install libgmp3-dev\r\nroot@Toka:~# apt-get install gawk mawk flex bison\r\nroot@Toka:~# apt-get install iproute2\r\nroot@Toka:~# 安装多线程下载工具\r\nroot@Toka:~# apt-get install axel\r\nroot@Toka:~# 用多线程axel下载器来下载openswan源码\r\nroot@Toka:~# axel https://download.openswan.org/openswan/openswan-2.6.49.1.tar.gz\r\nroot@Toka:~# 解压并安装\r\nroot@Toka:~# tar -zxvf openswan-2.6.49.1.tar.gz\r\nroot@Toka:~# cd openswan-2.6.49.1/\r\nroot@Toka:~# make programs\r\nroot@Toka:~# make install\r\nroot@Toka:~# 安装完成，查看下是否安装成功\r\nroot@Toka:~# ipsec --version\r\nLinux Openswan U2.6.49.1/K(no kernel code presently loaded)\r\nSee `ipsec --copyright\' for copyright information.\r\nroot@Toka:~# 已经安装成功，接下来启动ipsec\r\nroot@Toka:~# service ipsec start\r\nFailed to start ipsec.service: Unit ipsec.service not found.\r\nroot@Toka:~# 以上提示没有ipsec服务，所以只有用绝对路径来启动\r\nroot@Toka:~# /etc/init.d/ipsec start\r\n&lt;27&gt;Oct 14 17:31:51 ipsec_setup: Starting Openswan IPsec U2.6.49.1/K4.9.0-3-amd64...\r\nroot@Toka:~# 启动成功\r\n   </code></pre>\r\n   <p>至些成功安装了，接下来更新IP转发</p>\r\n   <pre><code>\r\nroot@Toka:~# 先备份原有文件\r\nroot@Toka:~# cp /etc/sysctl.conf /etc/sysctl.conf.yl\r\nroot@Toka:~# 配置IP转发\r\nroot@Toka:~# echo \"net.ipv4.ip_forward = 1\" |  tee -a /etc/sysctl.conf\r\nroot@Toka:~# echo \"net.ipv4.conf.all.accept_redirects = 0\" |  tee -a /etc/sysctl.conf\r\nroot@Toka:~# echo \"net.ipv4.conf.all.send_redirects = 0\" |  tee -a /etc/sysctl.conf\r\nroot@Toka:~# echo \"net.ipv4.conf.default.rp_filter = 0\" |  tee -a /etc/sysctl.conf\r\nroot@Toka:~# echo \"net.ipv4.conf.default.accept_source_route = 0\" |  tee -a /etc/sysctl.conf\r\nroot@Toka:~# echo \"net.ipv4.conf.default.send_redirects = 0\" |  tee -a /etc/sysctl.conf\r\nroot@Toka:~# echo \"net.ipv4.icmp_ignore_bogus_error_responses = 1\" |  tee -a /etc/sysctl.conf\r\nroot@Toka:~# for vpn in /proc/sys/net/ipv4/conf/*; \r\n&gt; do \r\n&gt;   echo 0 &gt; $vpn/accept_redirects;\r\n&gt;   echo 0 &gt; $vpn/send_redirects; \r\n&gt; done\r\nroot@Toka:~# IP转发完成\r\n   </code></pre>\r\n   <p>接下来设置IP table <br><span style=\"background-color: rgb(255, 0, 0);\">\r\n   这里请各位注意，不配IP table，VPN服务器安装好连接上去后，客户面是上不了网的！！！</span></p>\r\n   <pre><code>\r\nroot@Toka:~# iptables -t nat -A POSTROUTING -s 172.16.1.1/24 -o eth0 -j MASQUERADE  \r\n   </code></pre>\r\n   <p>配置IPSEC</p>\r\n   <pre><code>\r\nroot@Toka:~# 先备份原来的配置文件\r\nroot@Toka:~# cp /etc/ipsec.conf /etc/ipsec.conf.yl \r\nroot@Toka:~# MYIP=`/sbin/ifconfig -a|grep inet|grep -v 127.0.0.1|grep -v inet6|awk \'{print $2}\'|tr -d \"addr:\"`\r\nroot@Toka:~# echo $MYIP\r\n122.114.228.217 10.122.228.217\r\nroot@Toka:~# 上面MYIP出现双IP，所以还是手动设置为正确的IP，如果\'echo $MYIP\'只出现一个IP4，那就正确\r\nroot@Toka:~# MYIP=\'122.114.228.217\'\r\nroot@Toka:~# 好了，变量MYIP设置完成，接下来直接生成ipsec.conf配置文件\r\nroot@Toka:~# cat &gt;/etc/ipsec.conf &lt;&lt; <eof>EOF\r\n&gt;version 2 # conforms to second version of ipsec.conf specification\r\n&gt; \r\n&gt; config setup\r\n&gt;     dumpdir=/var/run/pluto/\r\n&gt;     #in what directory should things started by setup (notably the Pluto daemon) be allowed to dump core?\r\n&gt; \r\n&gt;     nat_traversal=yes\r\n&gt;     #whether to accept/offer to support NAT (NAPT, also known as \"IP Masqurade\") workaround for IPsec\r\n&gt; \r\n&gt;     virtual_private=%v4:10.0.0.0/8,%v4:192.168.0.0/16,%v4:172.16.0.0/12,%v6:fd00::/8,%v6:fe80::/10\r\n&gt;     #contains the networks that are allowed as subnet= for the remote client. In other words, the address ranges that may live behind a NAT router through which a client connects.\r\n&gt; \r\n&gt;     protostack=netkey\r\n&gt;     #decide which protocol stack is going to be used.\r\n&gt; \r\n&gt;     force_keepalive=yes\r\n&gt;     keep_alive=60\r\n&gt;     # Send a keep-alive packet every 60 seconds.\r\n&gt; \r\n&gt; conn L2TP-PSK-noNAT\r\n&gt;     authby=secret\r\n&gt;     #shared secret. Use rsasig for certificates.\r\n&gt; \r\n&gt;     pfs=no\r\n&gt;     #Disable pfs\r\n&gt; \r\n&gt;     auto=add\r\n&gt;     #the ipsec tunnel should be started and routes created when the ipsec daemon itself starts.\r\n&gt; \r\n&gt;     keyingtries=3\r\n&gt;     #Only negotiate a conn. 3 times.\r\n&gt; \r\n&gt;     ikelifetime=8h\r\n&gt;     keylife=1h\r\n&gt; \r\n&gt;     ike=aes256-sha1,aes128-sha1,3des-sha1\r\n&gt;     phase2alg=aes256-sha1,aes128-sha1,3des-sha1\r\n&gt;     # https://lists.openswan.org/pipermail/users/2014-April/022947.html\r\n&gt;     # specifies the phase 1 encryption scheme, the hashing algorithm, and the diffie-hellman group. The modp1024 is for Diffie-Hellman 2. Why \'modp\' instead of dh? DH2 is a 1028 bit encryption algorithm that modulo\'s a prime number, e.g. modp1028. See RFC 5114 for details or the wiki page on diffie hellmann, if interested.\r\n&gt; \r\n&gt;     type=transport\r\n&gt;     #because we use l2tp as tunnel protocol\r\n&gt; \r\n&gt;     left=$MYIP\r\n&gt;     leftnexthop=$MYIP\r\n&gt;     #fill in server IP above\r\n&gt; \r\n&gt;     leftprotoport=17/1701\r\n&gt;     right=%any\r\n&gt;     rightprotoport=17/%any\r\n&gt; \r\n&gt;     dpddelay=10\r\n&gt;     # Dead Peer Dectection (RFC 3706) keepalives delay\r\n&gt;     dpdtimeout=20\r\n&gt;     #  length of time (in seconds) we will idle without hearing either an R_U_THERE poll from our peer, or an R_U_THERE_ACK reply.\r\n&gt;     dpdaction=clear\r\n&gt;     # When a DPD enabled peer is declared dead, what action should be taken. clear means the eroute and SA with both be cleared.\r\n&gt; EOF\r\nroot@Toka:~# \r\n   </eof></code></pre>\r\n    <p>接下来配置IPSEC连接的公钥</p>\r\n   <pre><code>\r\nroot@Toka:~# 注意，这里把公钥配置为“toka.pro”\r\nroot@Toka:~# cat &gt;/etc/ipsec.secrets  &lt;&lt; <eof>EOF\r\n&gt; $MYIP %any: PSK \"toka.pro\"\r\n&gt; EOF\r\nroot@Toka:~# 接下来重启下服务\r\nroot@Toka:~# /etc/init.d/ipsec restart\r\n&lt;27&gt;Jul 30 23:11:35 ipsec_setup: Stopping Openswan IPsec...\r\n&lt;27&gt;Jul 30 23:11:37 ipsec_setup: Starting Openswan IPsec U2.6.49.1/K4.9.0-3-amd64...\r\nroot@Toka:~# 再认证下，如果出现如下，刚全部ipsec配置正确！！！\r\nroot@Toka:~# ipsec verify\r\nChecking if IPsec got installed and started correctly:\r\n\r\nVersion check and ipsec on-path                         [OK]\r\nOpenswan U2.6.49.1/K4.9.0-3-amd64 (netkey)\r\nSee `ipsec --copyright\' for copyright information.\r\nChecking for IPsec support in kernel                    [OK]\r\n NETKEY: Testing XFRM related proc values\r\n         ICMP default/send_redirects                    [OK]\r\n         ICMP default/accept_redirects                  [NOT DISABLED]\r\n\r\n  Disable /proc/sys/net/ipv4/conf/*/accept_redirects or NETKEY will cause act on or cause sending of bogus ICMP redirects!\r\n\r\n         XFRM larval drop                               [OK]\r\nHardware random device check                            [N/A]\r\nTwo or more interfaces found, checking IP forwarding    [OK]\r\nChecking rp_filter                                      [OK]\r\nChecking that pluto is running                          [OK]\r\n Pluto listening for IKE on udp 500                     [OK]\r\n Pluto listening for IKE on tcp 500                     [NOT IMPLEMENTED]\r\n Pluto listening for IKE/NAT-T on udp 4500              [OK]\r\n Pluto listening for IKE/NAT-T on tcp 4500              [NOT IMPLEMENTED]\r\n Pluto listening for IKE on tcp 10000 (cisco)           [NOT IMPLEMENTED]\r\nChecking NAT and MASQUERADEing                          [TEST INCOMPLETE]\r\nChecking \'ip\' command                                   [OK]\r\nChecking \'iptables\' command                             [OK]\r\n\r\nipsec verify: encountered errors\r\nroot@Toka:~# ipsec安装配置完成\r\n   </eof></code></pre>\r\n\r\n   <li>安装xl2tpd</li>\r\n   <p>安装并配置xl2tpd ppp lsof</p>\r\n   <pre><code>\r\nroot@Toka:~# apt-get install xl2tpd ppp lsof\r\nroot@Toka:~# 配置xl2tpd，先备份原来的配置文件\r\nroot@Toka:~# cp /etc/xl2tpd/xl2tpd.conf /etc/xl2tpd/xl2tpd.conf.yl\r\nroot@Toka:~# cat &gt;/etc/xl2tpd/xl2tpd.conf  &lt;&lt; <eof>EOF\r\n&gt; [global]\r\n&gt; ipsec saref = yes\r\n&gt; saref refinfo = 30\r\n&gt; \r\n&gt; ;debug avp = yes\r\n&gt; ;debug network = yes\r\n&gt; ;debug state = yes\r\n&gt; ;debug tunnel = yes\r\n&gt; \r\n&gt; [lns default]\r\n&gt; ip range = 172.16.1.30-172.16.1.100\r\n&gt; local ip = 172.16.1.1\r\n&gt; refuse pap = yes\r\n&gt; require authentication = yes\r\n&gt; ;ppp debug = yes\r\n&gt; pppoptfile = /etc/ppp/options.xl2tpd\r\n&gt; length bit = yes\r\n&gt; EOF </eof>\r\nroot@Toka:~# 配置PPP\r\nroot@Toka:~# cat &gt;/etc/ppp/options.xl2tpd  &lt;&lt; <eof>EOF\r\n&gt; require-mschap-v2\r\n&gt; ms-dns 119.29.29.29\r\n&gt; ms-dns 4.2.2.1\r\n&gt; auth\r\n&gt; mtu 1000\r\n&gt; mru 1000\r\n&gt; crtscts\r\n&gt; hide-password\r\n&gt; modem\r\n&gt; name l2tpd\r\n&gt; proxyarp\r\n&gt; lcp-echo-interval 0\r\n&gt; lcp-echo-failure 0\r\n&gt; EOF </eof>\r\nroot@Toka:~# 添加VPN账户和密码\r\nroot@Toka:~# cat &gt;/etc/ppp/chap-secrets  &lt;&lt; <eof>EOF\r\n&gt; # Secrets for authentication using CHAP\r\n&gt; # client       server    secret       IP addresses\r\n&gt; # 账号         服务类型   密码        IP\r\n&gt; toka           l2tpd     toka.pro     *\r\n&gt; EOF </eof>\r\nroot@Toka:~# 请记住上面设置了VPN的账号为toka，密码为toka.pro,客户端连接时请不要输错\r\nroot@Toka:~# 至此全部VPN服务器安装配置完成，重启所有服务，然后就可以用客户端连接上了！！\r\nroot@Toka:~# /etc/init.d/ipsec restart\r\nroot@Toka:~# /etc/init.d/xl2tpd restart\r\n   </code></pre>\r\n   <p>大功告成！！至此你需要注意以下三点： <br>\r\n1.客户端连接时所选择的VPN类型为：使用预共享密钥的 L2TP/IPsec  <br>\r\n2.连接时填入服务器地址IP不能错，预共享密钥为上面配置的toka.net,账号toka,密码toka.pro   <br>\r\n3.服务器所在地，最好在国外，因为在国内的服务器也一样的被封锁了访问外国！！！\r\n   </p>\r\n\r\n</ol>'),(6,'                                <p>\r\n默认安装phpMyAdmin，通常只能连一台MySql服务器，\r\n其配置信息是保存在phpMyAdmin的配置文件里的，\r\n当我们需要在多台服务器之间进行切换登陆的时候，\r\n修改起来非常麻烦。遵照下面的配置方法，\r\n我们可以方便的使用phpMyAdmin连接多台MySQL。\r\n</p>\r\n<ol>\r\n<li>登陆phpMyAdmin时输入服务器ip地址、用户名、密码操作步骤</li>\r\n<p>操作步骤: <br>\r\n修改phpMyAdmin目录下的 /libraries/config.default.php\r\n</p>\r\n<pre><code>\r\n$cfg[\'AllowArbitraryServer\'] = true;   ###默认值为false，改成true后可以输入服务器ＩＰ\r\n</code></pre>\r\n<li>登陆phpMyAdmin时只需输入用户名、密码，服务器地址为下拉列表可选，登陆后也可选择其他服务器快速切换。</li>\r\n<p>先修改phpMyAdmin目录下的 /libraries/config.default.php</p>\r\n<pre><code>\r\n$cfg[\'AllowArbitraryServer\'] = false;  \r\n</code></pre>\r\n<p>然后将phpMyAdmin根目录下的config.sample.inc.php 文件重命名为config.inc.php</p>\r\n<p>再修改config.inc.php文件，找到 First server 注释部分，将其添加以下内容</p>\r\n<pre><code>\r\n$hosts[]=[\'host\'=>\'localhost\',\'user\'=>\'root\',\'password\'=>\'root\'];\r\n$hosts[]=[\'host\'=>\'elapse.data\',\'user\'=>\'root\',\'password\'=>\'root2123\'];       //快云\r\n$hosts[]=[\'host\'=>\'vip.gust.cn\',\'user\'=>\'root\',\'password\'=>\'dasdfroo21m\'];    //腾讯云\r\n\r\n###$hosts数组中，host为服务器IP地址，user是Mysql登录用户名,Password是登录密码，对应改成自己的\r\n###这里我配置了三台Mysql服务器\r\nforeach ($hosts as $key => $value) {\r\n	# code...\r\n	/* Authentication type */\r\n	$cfg[\'Servers\'][$key+1][\'auth_type\'] = \'cookie\';\r\n\r\n	/* Server parameters */\r\n	$cfg[\'Servers\'][$key+1][\'host\'] = $value[\'host\'];   //修改host\r\n	$cfg[\'Servers\'][$key+1][\'connect_type\'] = \'tcp\';\r\n	$cfg[\'Servers\'][$key+1][\'compress\'] = false;\r\n	/* Select mysqli if your server has it */\r\n	$cfg[\'Servers\'][$key+1][\'extension\'] = \'mysql\';\r\n	$cfg[\'Servers\'][$key+1][\'AllowNoPassword\'] = true;\r\n	$cfg[\'Servers\'][$key+1][\'user\'] = $value[\'user\'];  //修改用户名\r\n	$cfg[\'Servers\'][$key+1][\'password\'] = $value[\'password\']; //密码\r\n	/* rajk - for blobstreaming */\r\n	$cfg[\'Servers\'][$key+1][\'bs_garbage_threshold\'] = 50;\r\n	$cfg[\'Servers\'][$key+1][\'bs_repository_threshold\'] = \'32M\';\r\n	$cfg[\'Servers\'][$key+1][\'bs_temp_blob_timeout\'] = 600;\r\n	$cfg[\'Servers\'][$key+1][\'bs_temp_log_threshold\'] = \'32M\';\r\n}\r\n\r\n#注意，这里是用循环来遍历数组，你只需改数组，不用改循环里的内容！！\r\n</code></pre>\r\n<p>修改完成后保存文件，重新登陆，\r\n如果可以看到phpMyAdmin登陆界面中出现服务器候选列表，说明修改正确\r\n</p>\r\n<li>登陆phpMyAdmin时只需在服务器地址“下拉列表”中选择就可无需输入用户和密码！</li>\r\n<p>操作步骤：请在方法二完成后，把循环里中$cfg[\'Servers\'][$i][\'auth_type\'] = \'cookie\';\r\n这一行的cookie改成config就完成了！</p>\r\n<p>修改完成后保存文件，重新登陆，\r\n会出现出现服务器候选列表和用户密码框，\r\n但只要你在服务器地址选中你要登录的服务器，用户密码不用管，直接提交就可登录！！\r\n注意，在chrome浏览器中，会出现报错，而且中有服务器候选列表，没有用户密码输入框，\r\n但只要选择你要登录的服务器，也能自动登录，只不过没有登录前有个报错界面难看了点点！</p>\r\n</ol>\r\n                            '),(7,'<p>\r\n首先要知道影响在线人数的因素\r\n</p>\r\n<ol>\r\n    <li>访问量</li>\r\n    <li>网站类型</li>\r\n<p>如果是出文字的网站(如小说站)，1M带宽带动日均5000IP，还勉强。如果是普通网站有图片，有文字、论坛、新闻资讯类型网站 大概1M能带一千IP。考虑到高峰期并发，1M高峰期还会卡。【最低配 这里不说服务器配制，一般来说配制都是足够的，除非你的服务器运行内存少于512M】。\r\n下面根据影响因素计算下1M带宽能同时承受多少人在线(以网络状况良好为前提)</p>\r\n</ol>\r\n\r\n<p>下面根据影响因素计算下1M带宽能同时承受多少人在线</p>\r\n<ol>\r\n    <li>打开网站8秒以内的原则;</li>\r\n    <li>评判的只是：用户从云服务器下载文件的速度;</li>\r\n    <li>页面的尺寸大小为60KB左右;</li>\r\n<p>参考公式：支持连接个人 = 服务器带宽/页面尺寸大小</p>\r\n<p>通过计算大致结果是，1Mbps的带宽(服务器的1M带宽是指服务器出站达到1M/s速度（服务器的上传带宽），跟我们家用的带宽稍有区别)支持的连接数为：17个</p>\r\n</ol>\r\n<p>\r\n因此，(N)M带宽可以支持的同时在线人数大概为N*17个  <br>\r\n所以，1M带宽的云主机，日均3000IP以下应该没问题。当然如果你的每个页面都比较大的话，那就没这么多了。具体多少，可以按照上面的算法算下。\r\n以上计算方法仅供参考！！！\r\n</p>'),(8,'                                                                                                                                                                <p>取得服务器文件<br>\r\ngit clone URL\r\n取得CI4最新代码示例：\r\ngit clone https://github.com/bcit-ci/CodeIgniter4  \r\n</p>\r\n<pre><code>\r\nelapse@Toka MINGW64 /d/Language/PHP/Code (develop)\r\n$ git clone https://github.com/bcit-ci/CodeIgniter4 \r\n以上是取得CI4最新代码示例\r\n\r\nelapse@Toka MINGW64 /d/Language/PHP/Code (develop)\r\n$ git clone https://github.com/bcit-ci/CodeIgniter4 codeigniter4New\r\n以上是取得CI4并重命名为codeigniter4New \r\n\r\nelapse@Toka MINGW64 /d/Language/PHP/Code (develop)\r\n$ git pull\r\n以上是更新你的本地仓库至最新改动\r\n</code></pre>\r\n<h5>一、git设置</h5>\r\n<pre><code>\r\n设置全局用户名与邮箱：\r\nelapse@Toka MINGW64 /d/Language/PHP/Code (develop)\r\n$ git config --global user.name \"临来笑笑生\"\r\n\r\nelapse@Toka MINGW64 /d/Language/PHP/Code (develop)\r\n$ git config --global user.email \'luck@fmail.pro\'\r\n\r\n查看配置：\r\nelapse@Toka MINGW64 /d/Language/PHP/Code (develop)\r\n$ cat .git/config\r\n[core]\r\n        repositoryformatversion = 0\r\n        filemode = false\r\n        bare = false\r\n        logallrefupdates = true\r\n        symlinks = false\r\n        ignorecase = true\r\n[remote \"origin\"]\r\n        url = https://github.com/bcit-ci/CodeIgniter\r\n        fetch = +refs/heads/*:refs/remotes/origin/*\r\n[branch \"develop\"]\r\n        remote = origin\r\n        merge = refs/heads/develop\r\n[gui]\r\n        wmstate = normal\r\n        geometry = 1061x563+32+32 233 255\r\n\r\nelapse@Toka MINGW64 /d/Language/PHP/Code (develop)\r\n$ \r\n\r\nelapse@Toka MINGW64 /d/Language/PHP/Code (develop)\r\n$ \r\n\r\nelapse@Toka MINGW64 /d/Language/PHP/Code (develop)\r\n$ \r\n\r\n=================================\r\n查看远程仓库命令：\r\nelapse@luck:/var/www/ilapu.com$ git remote -v\r\norigin	http://47.115.44.149:8089/root/new_lapu.git (fetch)\r\norigin	http://47.115.44.149:8089/root/new_lapu.git (push)\r\nelapse@luck:/var/www/ilapu.com$ \r\n直接设置远程地址加上用户名和密码：\r\ngit remote set-url origin https://用户名:密码@github.com/用户名/项目名.git\r\nelapse@luck:/var/www/ilapu.com$ git remote set-url origin http://chenghui:chenghui@47.115.44.149:8089/root/new_lapu.git\r\nelapse@luck:/var/www/ilapu.com$ git remote -v\r\norigin	http://chenghui:chenghui@47.115.44.149:8089/root/new_lapu.git (fetch)\r\norigin	http://chenghui:chenghui@47.115.44.149:8089/root/new_lapu.git (push)\r\nelapse@luck:/var/www/ilapu.com$ \r\n========示例=========\r\ngit remote set-url origin http://chenghui:chenghui@47.115.44.149:8089/Chenchengwang/lapuTP5.git  \r\norigin	http://47.115.44.149:8089/Chenchengwang/lapuTP5.git (push)\r\norigin	http://47.115.44.149:8089/Chenchengwang/lapuTP5.git (fetch)\r\norigin	http://47.115.44.149:8089/Chenchengwang/lapuTP5.git (push)\r\n=================================\r\nelapse@luck:/var/www/lapuTP5$ git remote -v\r\norigin  http://luck:llxxs789@47.112.240.208:8089/root/laputp5.git (fetch)\r\norigin  http://luck:llxxs789@47.112.240.208:8089/root/laputp5.git (push)\r\nelapse@luck:/var/www/lapuTP5$ \r\n</code></pre>\r\n<h5>二、创建git仓库及操作</h5>\r\n<pre><code>\r\nelapse@Toka MINGW64 /d/Language/PHP/Code (develop)\r\n$ mkdir abc\r\n\r\nelapse@Toka MINGW64 /d/Language/PHP/Code (develop)\r\n$ cd abc/\r\n\r\nelapse@Toka MINGW64 /d/Language/PHP/Code/abc (develop)\r\n$ git init\r\n\r\nelapse@Toka MINGW64 /d/Language/PHP/Code/abc (develop)\r\n$ git clone https://github.com/bcit-ci/CodeIgniter4\r\n\r\nelapse@Toka MINGW64 /d/Language/PHP/Code/abc (develop)\r\n$\r\n\r\n创建一个新的版本库\r\ngit clone git@git.weixin.qq.com:tutor/luck.git\r\ncd luck\r\ntouch README.md\r\ngit add README.md\r\ngit commit -m \"add README\"\r\ngit push -u origin master\r\n\r\n现有的文件夹或Git版本库\r\ncd existing_folder\r\ngit init\r\ngit remote add origin git@git.weixin.qq.com:tutor/luck.git\r\ngit add .\r\ngit commit\r\ngit push -u origin master\r\n</code></pre>\r\n\r\n<h5>三、Git分支（创建、切换、删除）</h5>\r\n<pre><code> \r\nelapse@luck:/var/www/lapuTP5$ 查看分支\r\nelapse@luck:/var/www/lapuTP5$ git branch \r\n  luck\r\n* master\r\n  product\r\nelapse@luck:/var/www/lapuTP5$ 创建新分支testOne并切换\r\nelapse@luck:/var/www/lapuTP5$ git switch -c testOne\r\n切换到一个新分支 \'testOne\'\r\nelapse@luck:/var/www/lapuTP5$ 查看分支\r\nelapse@luck:/var/www/lapuTP5$ git branch \r\n  luck\r\n  master\r\n  product\r\n* testOne\r\nelapse@luck:/var/www/lapuTP5$ 把新testOne分支推到线上\r\nelapse@luck:/var/www/lapuTP5$ git push --set-upstream origin testOne\r\n总共 0 （差异 0），复用 0 （差异 0）\r\nremote: \r\nremote: To create a merge request for testOne, visit:\r\nremote:   http://47.112.240.208:8089/root/laputp5/merge_requests/new?merge_request%5Bsource_branch%5D=testOne\r\nremote: \r\nremote: 正在同步更新测试服代码...\r\nremote: Ref refs/heads/testOne successfully received.  自动布置测试服什么也没处理：只有分支 master 才会自动布暑到测试服！ \r\nremote: 测试服git代码自动化布置完成！  --临来笑笑生\r\nTo http://47.112.240.208:8089/root/laputp5.git\r\n * [new branch]      testOne -&gt; testOne\r\n分支 \'testOne\' 设置为跟踪来自 \'origin\' 的远程分支 \'testOne\'。\r\nelapse@luck:/var/www/lapuTP5$ 切换到master分支\r\nelapse@luck:/var/www/lapuTP5$ git switch master \r\n切换到分支 \'master\'\r\n您的分支与上游分支 \'origin/master\' 一致。\r\nelapse@luck:/var/www/lapuTP5$ 删除testOne分支\r\nelapse@luck:/var/www/lapuTP5$ git branch -d testOne \r\n已删除分支 testOne（曾为 1329038）。\r\nelapse@luck:/var/www/lapuTP5$ 查看分支\r\nelapse@luck:/var/www/lapuTP5$ git branch \r\n  luck\r\n* master\r\n  product\r\nelapse@luck:/var/www/lapuTP5$ 下面进行分支合并，这里是在Luck分支上把master分支合并过来\r\nelapse@luck:/var/www/lapuTP5$ git pull\r\n已经是最新的。\r\nelapse@luck:/var/www/lapuTP5$ git switch luck \r\n切换到分支 \'luck\'\r\n您的分支与上游分支 \'origin/luck\' 一致。\r\nelapse@luck:/var/www/lapuTP5$ git pull\r\n已经是最新的。\r\nelapse@luck:/var/www/lapuTP5$ git branch \r\n* luck\r\n  master\r\n  product\r\nelapse@luck:/var/www/lapuTP5$ 把master分支合并到当前分支\r\nelapse@luck:/var/www/lapuTP5$ git merge master --squash \r\n删除 extend/Tools/email.class.php\r\n删除 extend/Tools/Wxpay.class.php\r\n删除 extend/Tools/WeChatAuth.class.php\r\n删除 extend/Tools/Push.class.php\r\n删除 extend/Tools/NECaptchaVerifier.class.php\r\n自动合并 extend/Tools/Emchat.php\r\n冲突（内容）：合并冲突于 extend/Tools/Emchat.php\r\n删除 extend/Tools/ConfigParse.class.php\r\n删除 extend/Tools/Alidayu.class.php\r\n删除 application/common/Service/EmMessageService.class.php\r\n删除 application/common/Service/EmMessage.class.php\r\n删除 application/common/Model/UserDevModel.class.php\r\n删除 application/common/Model/EmMessageModel.class.php\r\n删除 application/common/Model/BaseModel.class.php\r\n自动合并 application/api/model/EmMessage.php\r\n冲突（内容）：合并冲突于 application/api/model/EmMessage.php\r\n自动合并 application/api/controller/Group.php\r\n冲突（内容）：合并冲突于 application/api/controller/Group.php\r\n压缩提交 -- 未更新 HEAD\r\n自动合并失败，修正冲突然后提交修正的结果。\r\nelapse@luck:/var/www/lapuTP5$ 从上面看到有几个文件合并有冲突，自动合并失败，要手动解决冲突后git add 冲突文件，才可以进行下一步,这里直接用VSCode进行解决冲突\r\nelapse@luck:/var/www/lapuTP5$ git commit -m \'合并master分支\'\r\n[luck 7815f31] 合并master分支\r\n 23 files changed, 908 insertions(+), 2631 deletions(-)\r\n create mode 100644 application/api/controller/Blacklistapi.php\r\n create mode 100644 application/api/model/GroupMemberDelete.php\r\n delete mode 100755 application/common/Model/BaseModel.class.php\r\n delete mode 100755 application/common/Model/EmMessageModel.class.php\r\n delete mode 100755 application/common/Model/UserDevModel.class.php\r\n delete mode 100755 application/common/Service/EmMessage.class.php\r\n delete mode 100755 application/common/Service/EmMessageService.class.php\r\n delete mode 100755 extend/Tools/Alidayu.class.php\r\n delete mode 100755 extend/Tools/ConfigParse.class.php\r\n delete mode 100755 extend/Tools/NECaptchaVerifier.class.php\r\n delete mode 100755 extend/Tools/Push.class.php\r\n delete mode 100755 extend/Tools/WeChatAuth.class.php\r\n delete mode 100755 extend/Tools/Wxpay.class.php\r\n delete mode 100755 extend/Tools/email.class.php\r\nelapse@luck:/var/www/lapuTP5$ 把分并后的内容推送到远端\r\nelapse@luck:/var/www/lapuTP5$ git push\r\n枚举对象: 37, 完成.\r\n对象计数中: 100% (37/37), 完成.\r\n使用 16 个线程进行压缩\r\n压缩对象中: 100% (19/19), 完成.\r\n写入对象中: 100% (20/20), 10.60 KiB | 2.65 MiB/s, 完成.\r\n总共 20 （差异 11），复用 0 （差异 0）\r\nremote: \r\nremote: To create a merge request for luck, visit:\r\nremote:   http://47.112.240.208:8089/root/laputp5/merge_requests/new?merge_request%5Bsource_branch%5D=luck\r\nremote: \r\nremote: 正在同步更新测试服代码...\r\nremote: Ref refs/heads/luck successfully received.  自动布置测试服什么也没处理：只有分支 master 才会自动布暑到测试服！ \r\nremote: 测试服git代码自动化布置完成！  --临来笑笑生\r\nTo http://47.112.240.208:8089/root/laputp5.git\r\n   ce0f5f9..7815f31  luck -&gt; luck\r\nelapse@luck:/var/www/lapuTP5$ git pull\r\n已经是最新的。\r\nelapse@luck:/var/www/lapuTP5$ 分支合并完成\r\n</code></pre>\r\n\r\n\r\n<h5>三、更改代码的操